Archive member included to satisfy reference by file (symbol)

c:/program files/microchip/xc32/v4.50/bin/bin/../../lib/gcc/pic32mx/8.3.1\libgcc.a(floatunsisf.o)
                              build/default/production/ece118_base/AD.o (__floatunsisf)
c:/program files/microchip/xc32/v4.50/bin/bin/../../lib/gcc/pic32mx/8.3.1/../../../../pic32mx/lib\libpic32.a(default-bootstrap-exception-handler.o)
                              C:\Users\nikhi\AppData\Local\Temp\ccErfwmS.o (_bootstrap_exception_handler)
c:/program files/microchip/xc32/v4.50/bin/bin/../../lib/gcc/pic32mx/8.3.1/../../../../pic32mx/lib\libpic32.a(default-on-reset.o)
                              C:\Users\nikhi\AppData\Local\Temp\ccErfwmS.o (_on_reset)
c:/program files/microchip/xc32/v4.50/bin/bin/../../lib/gcc/pic32mx/8.3.1/../../../../pic32mx/lib\libpic32.a(default-on-bootstrap.o)
                              C:\Users\nikhi\AppData\Local\Temp\ccErfwmS.o (_on_bootstrap)
c:/program files/microchip/xc32/v4.50/bin/bin/../../lib/gcc/pic32mx/8.3.1/../../../../pic32mx/lib\libpic32.a(default-nmi-handler.o)
                              C:\Users\nikhi\AppData\Local\Temp\ccErfwmS.o (_nmi_handler)
c:/program files/microchip/xc32/v4.50/bin/bin/../../lib/gcc/pic32mx/8.3.1/../../../../pic32mx/lib\libpic32.a(pic32_data_init_core.o)
                              C:\Users\nikhi\AppData\Local\Temp\ccErfwmS.o (__pic32_data_init)
c:/program files/microchip/xc32/v4.50/bin/bin/../../lib/gcc/pic32mx/8.3.1/../../../../pic32mx/lib\libpic32.a(general-exception.o)
                              C:\Users\nikhi\AppData\Local\Temp\ccErfwmS.o (_general_exception_context)
c:/program files/microchip/xc32/v4.50/bin/bin/../../lib/gcc/pic32mx/8.3.1/../../../../pic32mx/lib\libpic32.a(vector0.o)
                              C:\Users\nikhi\AppData\Local\Temp\cc0PU7It.o (__vector_dispatch_0)
c:/program files/microchip/xc32/v4.50/bin/bin/../../lib/gcc/pic32mx/8.3.1/../../../../pic32mx/lib\libpic32.a(vector1.o)
                              C:\Users\nikhi\AppData\Local\Temp\cc0PU7It.o (__vector_dispatch_1)
c:/program files/microchip/xc32/v4.50/bin/bin/../../lib/gcc/pic32mx/8.3.1/../../../../pic32mx/lib\libpic32.a(vector2.o)
                              C:\Users\nikhi\AppData\Local\Temp\cc0PU7It.o (__vector_dispatch_2)
c:/program files/microchip/xc32/v4.50/bin/bin/../../lib/gcc/pic32mx/8.3.1/../../../../pic32mx/lib\libpic32.a(vector3.o)
                              C:\Users\nikhi\AppData\Local\Temp\cc0PU7It.o (__vector_dispatch_3)
c:/program files/microchip/xc32/v4.50/bin/bin/../../lib/gcc/pic32mx/8.3.1/../../../../pic32mx/lib\libpic32.a(vector5.o)
                              C:\Users\nikhi\AppData\Local\Temp\cc0PU7It.o (__vector_dispatch_5)
c:/program files/microchip/xc32/v4.50/bin/bin/../../lib/gcc/pic32mx/8.3.1/../../../../pic32mx/lib\libpic32.a(vector6.o)
                              C:\Users\nikhi\AppData\Local\Temp\cc0PU7It.o (__vector_dispatch_6)
c:/program files/microchip/xc32/v4.50/bin/bin/../../lib/gcc/pic32mx/8.3.1/../../../../pic32mx/lib\libpic32.a(vector7.o)
                              C:\Users\nikhi\AppData\Local\Temp\cc0PU7It.o (__vector_dispatch_7)
c:/program files/microchip/xc32/v4.50/bin/bin/../../lib/gcc/pic32mx/8.3.1/../../../../pic32mx/lib\libpic32.a(vector8.o)
                              C:\Users\nikhi\AppData\Local\Temp\cc0PU7It.o (__vector_dispatch_8)
c:/program files/microchip/xc32/v4.50/bin/bin/../../lib/gcc/pic32mx/8.3.1/../../../../pic32mx/lib\libpic32.a(vector10.o)
                              C:\Users\nikhi\AppData\Local\Temp\cc0PU7It.o (__vector_dispatch_10)
c:/program files/microchip/xc32/v4.50/bin/bin/../../lib/gcc/pic32mx/8.3.1/../../../../pic32mx/lib\libpic32.a(vector11.o)
                              C:\Users\nikhi\AppData\Local\Temp\cc0PU7It.o (__vector_dispatch_11)
c:/program files/microchip/xc32/v4.50/bin/bin/../../lib/gcc/pic32mx/8.3.1/../../../../pic32mx/lib\libpic32.a(vector12.o)
                              C:\Users\nikhi\AppData\Local\Temp\cc0PU7It.o (__vector_dispatch_12)
c:/program files/microchip/xc32/v4.50/bin/bin/../../lib/gcc/pic32mx/8.3.1/../../../../pic32mx/lib\libpic32.a(vector14.o)
                              C:\Users\nikhi\AppData\Local\Temp\cc0PU7It.o (__vector_dispatch_14)
c:/program files/microchip/xc32/v4.50/bin/bin/../../lib/gcc/pic32mx/8.3.1/../../../../pic32mx/lib\libpic32.a(vector15.o)
                              C:\Users\nikhi\AppData\Local\Temp\cc0PU7It.o (__vector_dispatch_15)
c:/program files/microchip/xc32/v4.50/bin/bin/../../lib/gcc/pic32mx/8.3.1/../../../../pic32mx/lib\libpic32.a(vector17.o)
                              C:\Users\nikhi\AppData\Local\Temp\cc0PU7It.o (__vector_dispatch_17)
c:/program files/microchip/xc32/v4.50/bin/bin/../../lib/gcc/pic32mx/8.3.1/../../../../pic32mx/lib\libpic32.a(vector18.o)
                              C:\Users\nikhi\AppData\Local\Temp\cc0PU7It.o (__vector_dispatch_18)
[...]
Memory Configuration

Name             Origin             Length             Attributes
kseg0_program_mem 0x000000009d000000 0x0000000000020000 xr
kseg0_boot_mem   0x000000009fc00490 0x0000000000000970
exception_mem    0x000000009fc01000 0x0000000000001000
kseg1_boot_mem   0x00000000bfc00000 0x0000000000000490
debug_exec_mem   0x00000000bfc02000 0x0000000000000ff0
config3          0x00000000bfc02ff0 0x0000000000000004
config2          0x00000000bfc02ff4 0x0000000000000004
config1          0x00000000bfc02ff8 0x0000000000000004
config0          0x00000000bfc02ffc 0x0000000000000004
kseg1_data_mem   0x00000000a0000000 0x0000000000004000 w !x
sfrs             0x00000000bf800000 0x0000000000100000
configsfrs       0x00000000bfc02ff0 0x0000000000000010
*default*        0x0000000000000000 0xffffffffffffffff

Linker script and memory map

LOAD c:/program files/microchip/xc32/v4.50/bin/bin/../../lib/gcc/pic32mx/8.3.1/../../../../pic32mx/lib\debug-exception-return.o
LOAD build/default/production/ece118_base/AD.o
LOAD build/default/production/ece118_base/BOARD.o
LOAD build/default/production/ece118_base/ES_CheckEvents.o
LOAD build/default/production/ece118_base/ES_Framework.o
LOAD build/default/production/ece118_base/ES_KeyboardInput.o
LOAD build/default/production/ece118_base/ES_LookupTables.o
LOAD build/default/production/ece118_base/ES_PostList.o
LOAD build/default/production/ece118_base/ES_Queue.o
LOAD build/default/production/ece118_base/ES_TattleTale.o
LOAD build/default/production/ece118_base/ES_TimerService.o
LOAD build/default/production/ece118_base/ES_Timers.o
LOAD build/default/production/ece118_base/IO_Ports.o
LOAD build/default/production/ece118_base/LED.o
LOAD build/default/production/ece118_base/RC_Servo.o
LOAD build/default/production/ece118_base/pwm.o
LOAD build/default/production/ece118_base/serial.o
LOAD build/default/production/ece118_base/timers.o
LOAD build/default/production/ece118_template/PingEventChecker.o
LOAD build/default/production/PingSensor.o
LOAD build/default/production/ece118_base/ColorSensor.o
LOAD build/default/production/ece118_base/ColorEventChecker.o
LOAD build/default/production/ece118_base/PingService.o
LOAD build/default/production/ece118_base/ColorService.o
LOAD build/default/production/ece118_base/IRSensor.o
LOAD build/default/production/ece118_base/IREventChecker.o
LOAD build/default/production/ece118_base/IRService.o
LOAD build/default/production/ece118_base/Actuators.o
LOAD build/default/production/ece118_base/SortSubHSM.o
LOAD build/default/production/ece118_template/TemplateES_Main.o
LOAD build/default/production/ece118_base/RedFlowSubHSM.o
LOAD build/default/production/ece118_base/BlueFlowSubHSM.o
LOAD build/default/production/ece118_base/CenterSubHSM.o
LOAD build/default/production/ece118_template/TemplateHSM.o
LOAD build/default/production/ece118_base/LeftSubHSM.o
LOAD build/default/production/ece118_template/RightSubHSM.o
                0x0000000000000001                __MPLAB_BUILD = 0x1
LOAD C:\Users\nikhi\AppData\Local\Temp\ccErfwmS.o
LOAD C:\Users\nikhi\AppData\Local\Temp\ccrobxF2.o
LOAD C:\Users\nikhi\AppData\Local\Temp\cc0PU7It.o
LOAD c:/program files/microchip/xc32/v4.50/bin/bin/../../lib/gcc/pic32mx/8.3.1/../../../../pic32mx/lib\pic32_software_reset.o
LOAD c:/program files/microchip/xc32/v4.50/bin/bin/../../lib/gcc/pic32mx/8.3.1\libgcc.a
START GROUP
LOAD c:/program files/microchip/xc32/v4.50/bin/bin/../../lib/gcc/pic32mx/8.3.1/../../../../pic32mx/lib\libpic32.a
LOAD c:/program files/microchip/xc32/v4.50/bin/bin/../../lib/gcc/pic32mx/8.3.1/../../../../pic32mx/lib\libc-size-musl.a
LOAD c:/program files/microchip/xc32/v4.50/bin/bin/../../lib/gcc/pic32mx/8.3.1/../../../../pic32mx/lib\liblmalloc-musl.a
LOAD c:/program files/microchip/xc32/v4.50/bin/bin/../../lib/gcc/pic32mx/8.3.1/../../../../pic32mx/lib\libdebug.a
LOAD c:/program files/microchip/xc32/v4.50/bin/bin/../../lib/gcc/pic32mx/8.3.1/../../../../pic32mx/lib\libc-musl.a
LOAD c:/program files/microchip/xc32/v4.50/bin/bin/../../lib/gcc/pic32mx/8.3.1/../../../../pic32mx/lib\libm.a
LOAD c:/program files/microchip/xc32/v4.50/bin/bin/../../lib/gcc/pic32mx/8.3.1/../../../../pic32mx/lib\libe.a
LOAD c:/program files/microchip/xc32/v4.50/bin/bin/../../lib/gcc/pic32mx/8.3.1/../../../../pic32mx/lib\libm-musl.a
LOAD c:/program files/microchip/xc32/v4.50/bin/bin/../../lib/gcc/pic32mx/8.3.1/../../../../pic32mx/lib\libdsp.a
END GROUP
LOAD c:/program files/microchip/xc32/v4.50/bin/bin/../../lib/gcc/pic32mx/8.3.1\libgcc.a
                0x0000000000000400                PROVIDE (_min_stack_size = 0x400)
START GROUP
LOAD libmchp_peripheral.a
END GROUP
START GROUP
LOAD libmchp_peripheral_32MX320F128H.a
END GROUP
                0x0000000000000001                PROVIDE (_vector_spacing = 0x1)
                0x000000009fc01000                PROVIDE (_ebase_address = 0x9fc01000)
                0x00000000bfc00000                _RESET_ADDR = 0xbfc00000
                0x00000000bfc00380                _BEV_EXCPT_ADDR = 0xbfc00380
                0x00000000bfc00480                _DBG_EXCPT_ADDR = 0xbfc00480
                0x00000000bfc02000                _DBG_CODE_ADDR = 0xbfc02000
                0x0000000000000ff0                _DBG_CODE_SIZE = 0xff0
                0x000000009fc01180                _GEN_EXCPT_ADDR = (_ebase_address + 0x180)

.config_BFC02FF0
 *(.config_BFC02FF0)

.config_BFC02FF4
                0x00000000bfc02ff4        0x4
 *(.config_BFC02FF4)
 .config_BFC02FF4
                0x00000000bfc02ff4        0x4 build/default/production/ece118_base/BOARD.o
                0x00000000bfc02ff4                __config_BFC02FF4

.config_BFC02FF8
                0x00000000bfc02ff8        0x4
 *(.config_BFC02FF8)
 .config_BFC02FF8
                0x00000000bfc02ff8        0x4 build/default/production/ece118_base/BOARD.o
                0x00000000bfc02ff8                __config_BFC02FF8

.config_BFC02FFC
                0x00000000bfc02ffc        0x4
 *(.config_BFC02FFC)
 .config_BFC02FFC
                0x00000000bfc02ffc        0x4 build/default/production/ece118_base/BOARD.o
                0x00000000bfc02ffc                __config_BFC02FFC

.reset          0x00000000bfc00000      0x19c
 *(.reset)
 .reset         0x00000000bfc00000        0x8 C:\Users\nikhi\AppData\Local\Temp\ccErfwmS.o
                0x00000000bfc00000                _reset
 *(.reset.startup)
 .reset.startup
                0x00000000bfc00008      0x194 C:\Users\nikhi\AppData\Local\Temp\ccErfwmS.o
                0x00000000bfc00008                _startup

.bev_excpt      0x00000000bfc00380       0x10
 *(.bev_handler)
 .bev_handler   0x00000000bfc00380       0x10 C:\Users\nikhi\AppData\Local\Temp\ccErfwmS.o

.dbg_excpt      0x00000000bfc00480        0x0
                0x00000000bfc00480                . = (. + DEFINED (_DEBUGGER)?0x8:0x0)

.dbg_code       0x00000000bfc02000        0x0
                0x00000000bfc02000                . = (. + DEFINED (_DEBUGGER)?_DBG_CODE_SIZE:0x0)

.app_excpt      0x000000009fc01180       0x10
 *(.gen_handler)
 .gen_handler   0x000000009fc01180       0x10 C:\Users\nikhi\AppData\Local\Temp\ccErfwmS.o

.vector_0       0x000000009fc01200        0x8
 *(.vector_0)
 .vector_0      0x000000009fc01200        0x8 c:/program files/microchip/xc32/v4.50/bin/bin/../../lib/gcc/pic32mx/8.3.1/../../../../pic32mx/lib\libpic32.a(vector0.o)
                0x000000009fc01200                __vector_dispatch_0
                0x0000000000000001                ASSERT (((_vector_spacing == 0x0) || (SIZEOF (.vector_0) <= (_vector_spacing << 0x5))), function at exception vector 0 too large)

.vector_1       0x000000009fc01220        0x8
 *(.vector_1)
 .vector_1      0x000000009fc01220        0x8 c:/program files/microchip/xc32/v4.50/bin/bin/../../lib/gcc/pic32mx/8.3.1/../../../../pic32mx/lib\libpic32.a(vector1.o)
                0x000000009fc01220                __vector_dispatch_1
                0x0000000000000001                ASSERT (((_vector_spacing == 0x0) || (SIZEOF (.vector_1) <= (_vector_spacing << 0x5))), function at exception vector 1 too large)

.vector_2       0x000000009fc01240        0x8
 *(.vector_2)
 .vector_2      0x000000009fc01240        0x8 c:/program files/microchip/xc32/v4.50/bin/bin/../../lib/gcc/pic32mx/8.3.1/../../../../pic32mx/lib\libpic32.a(vector2.o)
                0x000000009fc01240                __vector_dispatch_2
                0x0000000000000001                ASSERT (((_vector_spacing == 0x0) || (SIZEOF (.vector_2) <= (_vector_spacing << 0x5))), function at exception vector 2 too large)

.vector_3       0x000000009fc01260        0x8
 *(.vector_3)
 .vector_3      0x000000009fc01260        0x8 c:/program files/microchip/xc32/v4.50/bin/bin/../../lib/gcc/pic32mx/8.3.1/../../../../pic32mx/lib\libpic32.a(vector3.o)
                0x000000009fc01260                __vector_dispatch_3
                0x0000000000000001                ASSERT (((_vector_spacing == 0x0) || (SIZEOF (.vector_3) <= (_vector_spacing << 0x5))), function at exception vector 3 too large)

.vector_4       0x000000009fc01280        0x8
 *(.vector_4)
 .vector_4      0x000000009fc01280        0x8 build/default/production/ece118_base/ES_Timers.o
                0x000000009fc01280                __vector_dispatch_4
                0x0000000000000001                ASSERT (((_vector_spacing == 0x0) || (SIZEOF (.vector_4) <= (_vector_spacing << 0x5))), function at exception vector 4 too large)

.vector_5       0x000000009fc012a0        0x8
 *(.vector_5)
 .vector_5      0x000000009fc012a0        0x8 c:/program files/microchip/xc32/v4.50/bin/bin/../../lib/gcc/pic32mx/8.3.1/../../../../pic32mx/lib\libpic32.a(vector5.o)
                0x000000009fc012a0                __vector_dispatch_5
                0x0000000000000001                ASSERT (((_vector_spacing == 0x0) || (SIZEOF (.vector_5) <= (_vector_spacing << 0x5))), function at exception vector 5 too large)

.vector_6       0x000000009fc012c0        0x8
 *(.vector_6)
 .vector_6      0x000000009fc012c0        0x8 c:/program files/microchip/xc32/v4.50/bin/bin/../../lib/gcc/pic32mx/8.3.1/../../../../pic32mx/lib\libpic32.a(vector6.o)
                0x000000009fc012c0                __vector_dispatch_6
                0x0000000000000001                ASSERT (((_vector_spacing == 0x0) || (SIZEOF (.vector_6) <= (_vector_spacing << 0x5))), function at exception vector 6 too large)

.vector_7       0x000000009fc012e0        0x8
 *(.vector_7)
 .vector_7      0x000000009fc012e0        0x8 c:/program files/microchip/xc32/v4.50/bin/bin/../../lib/gcc/pic32mx/8.3.1/../../../../pic32mx/lib\libpic32.a(vector7.o)
                0x000000009fc012e0                __vector_dispatch_7
                0x0000000000000001                ASSERT (((_vector_spacing == 0x0) || (SIZEOF (.vector_7) <= (_vector_spacing << 0x5))), function at exception vector 7 too large)

.vector_8       0x000000009fc01300        0x8
 *(.vector_8)
 .vector_8      0x000000009fc01300        0x8 c:/program files/microchip/xc32/v4.50/bin/bin/../../lib/gcc/pic32mx/8.3.1/../../../../pic32mx/lib\libpic32.a(vector8.o)
                0x000000009fc01300                __vector_dispatch_8
                0x0000000000000001                ASSERT (((_vector_spacing == 0x0) || (SIZEOF (.vector_8) <= (_vector_spacing << 0x5))), function at exception vector 8 too large)

.vector_9       0x000000009fc01320        0x8
 *(.vector_9)
 .vector_9      0x000000009fc01320        0x8 build/default/production/PingSensor.o
                0x000000009fc01320                __vector_dispatch_9
                0x0000000000000001                ASSERT (((_vector_spacing == 0x0) || (SIZEOF (.vector_9) <= (_vector_spacing << 0x5))), function at exception vector 9 too large)

.vector_10      0x000000009fc01340        0x8
 *(.vector_10)
 .vector_10     0x000000009fc01340        0x8 c:/program files/microchip/xc32/v4.50/bin/bin/../../lib/gcc/pic32mx/8.3.1/../../../../pic32mx/lib\libpic32.a(vector10.o)
                0x000000009fc01340                __vector_dispatch_10
                0x0000000000000001                ASSERT (((_vector_spacing == 0x0) || (SIZEOF (.vector_10) <= (_vector_spacing << 0x5))), function at exception vector 10 too large)

.vector_11      0x000000009fc01360        0x8
 *(.vector_11)
 .vector_11     0x000000009fc01360        0x8 c:/program files/microchip/xc32/v4.50/bin/bin/../../lib/gcc/pic32mx/8.3.1/../../../../pic32mx/lib\libpic32.a(vector11.o)
                0x000000009fc01360                __vector_dispatch_11
                0x0000000000000001                ASSERT (((_vector_spacing == 0x0) || (SIZEOF (.vector_11) <= (_vector_spacing << 0x5))), function at exception vector 11 too large)

.vector_12      0x000000009fc01380        0x8
 *(.vector_12)
 .vector_12     0x000000009fc01380        0x8 c:/program files/microchip/xc32/v4.50/bin/bin/../../lib/gcc/pic32mx/8.3.1/../../../../pic32mx/lib\libpic32.a(vector12.o)
                0x000000009fc01380                __vector_dispatch_12
                0x0000000000000001                ASSERT (((_vector_spacing == 0x0) || (SIZEOF (.vector_12) <= (_vector_spacing << 0x5))), function at exception vector 12 too large)

.vector_13      0x000000009fc013a0        0x8
 *(.vector_13)
 .vector_13     0x000000009fc013a0        0x8 build/default/production/ece118_base/ColorSensor.o
                0x000000009fc013a0                __vector_dispatch_13
                0x0000000000000001                ASSERT (((_vector_spacing == 0x0) || (SIZEOF (.vector_13) <= (_vector_spacing << 0x5))), function at exception vector 13 too large)

.vector_14      0x000000009fc013c0        0x8
 *(.vector_14)
 .vector_14     0x000000009fc013c0        0x8 c:/program files/microchip/xc32/v4.50/bin/bin/../../lib/gcc/pic32mx/8.3.1/../../../../pic32mx/lib\libpic32.a(vector14.o)
                0x000000009fc013c0                __vector_dispatch_14
                0x0000000000000001                ASSERT (((_vector_spacing == 0x0) || (SIZEOF (.vector_14) <= (_vector_spacing << 0x5))), function at exception vector 14 too large)

.vector_15      0x000000009fc013e0        0x8
 *(.vector_15)
 .vector_15     0x000000009fc013e0        0x8 c:/program files/microchip/xc32/v4.50/bin/bin/../../lib/gcc/pic32mx/8.3.1/../../../../pic32mx/lib\libpic32.a(vector15.o)
                0x000000009fc013e0                __vector_dispatch_15
                0x0000000000000001                ASSERT (((_vector_spacing == 0x0) || (SIZEOF (.vector_15) <= (_vector_spacing << 0x5))), function at exception vector 15 too large)

.vector_16      0x000000009fc01400        0x8
 *(.vector_16)
 .vector_16     0x000000009fc01400        0x8 build/default/production/ece118_base/RC_Servo.o
                0x000000009fc01400                __vector_dispatch_16
                0x0000000000000001                ASSERT (((_vector_spacing == 0x0) || (SIZEOF (.vector_16) <= (_vector_spacing << 0x5))), function at exception vector 16 too large)

.vector_17      0x000000009fc01420        0x8
 *(.vector_17)
 .vector_17     0x000000009fc01420        0x8 c:/program files/microchip/xc32/v4.50/bin/bin/../../lib/gcc/pic32mx/8.3.1/../../../../pic32mx/lib\libpic32.a(vector17.o)
                0x000000009fc01420                __vector_dispatch_17
                0x0000000000000001                ASSERT (((_vector_spacing == 0x0) || (SIZEOF (.vector_17) <= (_vector_spacing << 0x5))), function at exception vector 17 too large)

.vector_18      0x000000009fc01440        0x8
 *(.vector_18)
 .vector_18     0x000000009fc01440        0x8 c:/program files/microchip/xc32/v4.50/bin/bin/../../lib/gcc/pic32mx/8.3.1/../../../../pic32mx/lib\libpic32.a(vector18.o)
                0x000000009fc01440                __vector_dispatch_18
                0x0000000000000001                ASSERT (((_vector_spacing == 0x0) || (SIZEOF (.vector_18) <= (_vector_spacing << 0x5))), function at exception vector 18 too large)

.vector_19      0x000000009fc01460        0x8
 *(.vector_19)
 .vector_19     0x000000009fc01460        0x8 c:/program files/microchip/xc32/v4.50/bin/bin/../../lib/gcc/pic32mx/8.3.1/../../../../pic32mx/lib\libpic32.a(vector19.o)
                0x000000009fc01460                __vector_dispatch_19
                0x0000000000000001                ASSERT (((_vector_spacing == 0x0) || (SIZEOF (.vector_19) <= (_vector_spacing << 0x5))), function at exception vector 19 too large)

.vector_20      0x000000009fc01480        0x8
 *(.vector_20)
 .vector_20     0x000000009fc01480        0x8 build/default/production/ece118_base/timers.o
                0x000000009fc01480                __vector_dispatch_20
                0x0000000000000001                ASSERT (((_vector_spacing == 0x0) || (SIZEOF (.vector_20) <= (_vector_spacing << 0x5))), function at exception vector 20 too large)

.vector_21      0x000000009fc014a0        0x8
 *(.vector_21)
 .vector_21     0x000000009fc014a0        0x8 c:/program files/microchip/xc32/v4.50/bin/bin/../../lib/gcc/pic32mx/8.3.1/../../../../pic32mx/lib\libpic32.a(vector21.o)
                0x000000009fc014a0                __vector_dispatch_21
                0x0000000000000001                ASSERT (((_vector_spacing == 0x0) || (SIZEOF (.vector_21) <= (_vector_spacing << 0x5))), function at exception vector 21 too large)

.vector_22      0x000000009fc014c0        0x8
 *(.vector_22)
 .vector_22     0x000000009fc014c0        0x8 c:/program files/microchip/xc32/v4.50/bin/bin/../../lib/gcc/pic32mx/8.3.1/../../../../pic32mx/lib\libpic32.a(vector22.o)
                0x000000009fc014c0                __vector_dispatch_22
                0x0000000000000001                ASSERT (((_vector_spacing == 0x0) || (SIZEOF (.vector_22) <= (_vector_spacing << 0x5))), function at exception vector 22 too large)

.vector_23      0x000000009fc014e0        0x8
 *(.vector_23)
 .vector_23     0x000000009fc014e0        0x8 c:/program files/microchip/xc32/v4.50/bin/bin/../../lib/gcc/pic32mx/8.3.1/../../../../pic32mx/lib\libpic32.a(vector23.o)
                0x000000009fc014e0                __vector_dispatch_23
                0x0000000000000001                ASSERT (((_vector_spacing == 0x0) || (SIZEOF (.vector_23) <= (_vector_spacing << 0x5))), function at exception vector 23 too large)

.vector_24      0x000000009fc01500        0x8
 *(.vector_24)
 .vector_24     0x000000009fc01500        0x8 build/default/production/ece118_base/serial.o
                0x000000009fc01500                __vector_dispatch_24
                0x0000000000000001                ASSERT (((_vector_spacing == 0x0) || (SIZEOF (.vector_24) <= (_vector_spacing << 0x5))), function at exception vector 24 too large)

.vector_25      0x000000009fc01520        0x8
 *(.vector_25)
 .vector_25     0x000000009fc01520        0x8 c:/program files/microchip/xc32/v4.50/bin/bin/../../lib/gcc/pic32mx/8.3.1/../../../../pic32mx/lib\libpic32.a(vector25.o)
                0x000000009fc01520                __vector_dispatch_25
                0x0000000000000001                ASSERT (((_vector_spacing == 0x0) || (SIZEOF (.vector_25) <= (_vector_spacing << 0x5))), function at exception vector 25 too large)

.vector_26      0x000000009fc01540        0x8
 *(.vector_26)
 .vector_26     0x000000009fc01540        0x8 c:/program files/microchip/xc32/v4.50/bin/bin/../../lib/gcc/pic32mx/8.3.1/../../../../pic32mx/lib\libpic32.a(vector26.o)
                0x000000009fc01540                __vector_dispatch_26
                0x0000000000000001                ASSERT (((_vector_spacing == 0x0) || (SIZEOF (.vector_26) <= (_vector_spacing << 0x5))), function at exception vector 26 too large)

.vector_27      0x000000009fc01560        0x8
 *(.vector_27)
 .vector_27     0x000000009fc01560        0x8 build/default/production/ece118_base/AD.o
                0x000000009fc01560                __vector_dispatch_27
                0x0000000000000001                ASSERT (((_vector_spacing == 0x0) || (SIZEOF (.vector_27) <= (_vector_spacing << 0x5))), function at exception vector 27 too large)

.vector_28      0x000000009fc01580        0x8
 *(.vector_28)
 .vector_28     0x000000009fc01580        0x8 c:/program files/microchip/xc32/v4.50/bin/bin/../../lib/gcc/pic32mx/8.3.1/../../../../pic32mx/lib\libpic32.a(vector28.o)
                0x000000009fc01580                __vector_dispatch_28
                0x0000000000000001                ASSERT (((_vector_spacing == 0x0) || (SIZEOF (.vector_28) <= (_vector_spacing << 0x5))), function at exception vector 28 too large)

.vector_29      0x000000009fc015a0        0x8
 *(.vector_29)
 .vector_29     0x000000009fc015a0        0x8 c:/program files/microchip/xc32/v4.50/bin/bin/../../lib/gcc/pic32mx/8.3.1/../../../../pic32mx/lib\libpic32.a(vector29.o)
                0x000000009fc015a0                __vector_dispatch_29
                0x0000000000000001                ASSERT (((_vector_spacing == 0x0) || (SIZEOF (.vector_29) <= (_vector_spacing << 0x5))), function at exception vector 29 too large)

.vector_30      0x000000009fc015c0        0x8
 *(.vector_30)
 .vector_30     0x000000009fc015c0        0x8 c:/program files/microchip/xc32/v4.50/bin/bin/../../lib/gcc/pic32mx/8.3.1/../../../../pic32mx/lib\libpic32.a(vector30.o)
                0x000000009fc015c0                __vector_dispatch_30
                0x0000000000000001                ASSERT (((_vector_spacing == 0x0) || (SIZEOF (.vector_30) <= (_vector_spacing << 0x5))), function at exception vector 30 too large)

.vector_31      0x000000009fc015e0        0x8
 *(.vector_31)
 .vector_31     0x000000009fc015e0        0x8 c:/program files/microchip/xc32/v4.50/bin/bin/../../lib/gcc/pic32mx/8.3.1/../../../../pic32mx/lib\libpic32.a(vector31.o)
                0x000000009fc015e0                __vector_dispatch_31
                0x0000000000000001                ASSERT (((_vector_spacing == 0x0) || (SIZEOF (.vector_31) <= (_vector_spacing << 0x5))), function at exception vector 31 too large)

.vector_32      0x000000009fc01600        0x8
 *(.vector_32)
 .vector_32     0x000000009fc01600        0x8 c:/program files/microchip/xc32/v4.50/bin/bin/../../lib/gcc/pic32mx/8.3.1/../../../../pic32mx/lib\libpic32.a(vector32.o)
                0x000000009fc01600                __vector_dispatch_32
                0x0000000000000001                ASSERT (((_vector_spacing == 0x0) || (SIZEOF (.vector_32) <= (_vector_spacing << 0x5))), function at exception vector 32 too large)

.vector_33      0x000000009fc01620        0x8
 *(.vector_33)
 .vector_33     0x000000009fc01620        0x8 c:/program files/microchip/xc32/v4.50/bin/bin/../../lib/gcc/pic32mx/8.3.1/../../../../pic32mx/lib\libpic32.a(vector33.o)
                0x000000009fc01620                __vector_dispatch_33
                0x0000000000000001                ASSERT (((_vector_spacing == 0x0) || (SIZEOF (.vector_33) <= (_vector_spacing << 0x5))), function at exception vector 33 too large)

.vector_34      0x000000009fc01640        0x8
 *(.vector_34)
 .vector_34     0x000000009fc01640        0x8 c:/program files/microchip/xc32/v4.50/bin/bin/../../lib/gcc/pic32mx/8.3.1/../../../../pic32mx/lib\libpic32.a(vector34.o)
                0x000000009fc01640                __vector_dispatch_34
                0x0000000000000001                ASSERT (((_vector_spacing == 0x0) || (SIZEOF (.vector_34) <= (_vector_spacing << 0x5))), function at exception vector 34 too large)

.vector_35      0x000000009fc01660        0x8
 *(.vector_35)
 .vector_35     0x000000009fc01660        0x8 c:/program files/microchip/xc32/v4.50/bin/bin/../../lib/gcc/pic32mx/8.3.1/../../../../pic32mx/lib\libpic32.a(vector35.o)
                0x000000009fc01660                __vector_dispatch_35
                0x0000000000000001                ASSERT (((_vector_spacing == 0x0) || (SIZEOF (.vector_35) <= (_vector_spacing << 0x5))), function at exception vector 35 too large)

.vector_36      0x000000009fc01680        0x8
 *(.vector_36)
 .vector_36     0x000000009fc01680        0x8 c:/program files/microchip/xc32/v4.50/bin/bin/../../lib/gcc/pic32mx/8.3.1/../../../../pic32mx/lib\libpic32.a(vector36.o)
                0x000000009fc01680                __vector_dispatch_36
                0x0000000000000001                ASSERT (((_vector_spacing == 0x0) || (SIZEOF (.vector_36) <= (_vector_spacing << 0x5))), function at exception vector 36 too large)

.vector_37      0x000000009fc016a0        0x8
 *(.vector_37)
 .vector_37     0x000000009fc016a0        0x8 c:/program files/microchip/xc32/v4.50/bin/bin/../../lib/gcc/pic32mx/8.3.1/../../../../pic32mx/lib\libpic32.a(vector37.o)
                0x000000009fc016a0                __vector_dispatch_37
                0x0000000000000001                ASSERT (((_vector_spacing == 0x0) || (SIZEOF (.vector_37) <= (_vector_spacing << 0x5))), function at exception vector 37 too large)

.vector_38      0x000000009fc016c0        0x8
 *(.vector_38)
 .vector_38     0x000000009fc016c0        0x8 c:/program files/microchip/xc32/v4.50/bin/bin/../../lib/gcc/pic32mx/8.3.1/../../../../pic32mx/lib\libpic32.a(vector38.o)
                0x000000009fc016c0                __vector_dispatch_38
                0x0000000000000001                ASSERT (((_vector_spacing == 0x0) || (SIZEOF (.vector_38) <= (_vector_spacing << 0x5))), function at exception vector 38 too large)

.vector_39      0x000000009fc016e0        0x8
 *(.vector_39)
 .vector_39     0x000000009fc016e0        0x8 c:/program files/microchip/xc32/v4.50/bin/bin/../../lib/gcc/pic32mx/8.3.1/../../../../pic32mx/lib\libpic32.a(vector39.o)
                0x000000009fc016e0                __vector_dispatch_39
                0x0000000000000001                ASSERT (((_vector_spacing == 0x0) || (SIZEOF (.vector_39) <= (_vector_spacing << 0x5))), function at exception vector 39 too large)

.vector_40      0x000000009fc01700        0x8
 *(.vector_40)
 .vector_40     0x000000009fc01700        0x8 c:/program files/microchip/xc32/v4.50/bin/bin/../../lib/gcc/pic32mx/8.3.1/../../../../pic32mx/lib\libpic32.a(vector40.o)
                0x000000009fc01700                __vector_dispatch_40
                0x0000000000000001                ASSERT (((_vector_spacing == 0x0) || (SIZEOF (.vector_40) <= (_vector_spacing << 0x5))), function at exception vector 40 too large)

.vector_41      0x000000009fc01720        0x8
 *(.vector_41)
 .vector_41     0x000000009fc01720        0x8 c:/program files/microchip/xc32/v4.50/bin/bin/../../lib/gcc/pic32mx/8.3.1/../../../../pic32mx/lib\libpic32.a(vector41.o)
                0x000000009fc01720                __vector_dispatch_41
                0x0000000000000001                ASSERT (((_vector_spacing == 0x0) || (SIZEOF (.vector_41) <= (_vector_spacing << 0x5))), function at exception vector 41 too large)

.vector_42      0x000000009fc01740        0x8
 *(.vector_42)
 .vector_42     0x000000009fc01740        0x8 c:/program files/microchip/xc32/v4.50/bin/bin/../../lib/gcc/pic32mx/8.3.1/../../../../pic32mx/lib\libpic32.a(vector42.o)
                0x000000009fc01740                __vector_dispatch_42
                0x0000000000000001                ASSERT (((_vector_spacing == 0x0) || (SIZEOF (.vector_42) <= (_vector_spacing << 0x5))), function at exception vector 42 too large)

.vector_43      0x000000009fc01760        0x8
 *(.vector_43)
 .vector_43     0x000000009fc01760        0x8 c:/program files/microchip/xc32/v4.50/bin/bin/../../lib/gcc/pic32mx/8.3.1/../../../../pic32mx/lib\libpic32.a(vector43.o)
                0x000000009fc01760                __vector_dispatch_43
                0x0000000000000001                ASSERT (((_vector_spacing == 0x0) || (SIZEOF (.vector_43) <= (_vector_spacing << 0x5))), function at exception vector 43 too large)

.vector_44      0x000000009fc01780        0x8
 *(.vector_44)
 .vector_44     0x000000009fc01780        0x8 c:/program files/microchip/xc32/v4.50/bin/bin/../../lib/gcc/pic32mx/8.3.1/../../../../pic32mx/lib\libpic32.a(vector44.o)
                0x000000009fc01780                __vector_dispatch_44
                0x0000000000000001                ASSERT (((_vector_spacing == 0x0) || (SIZEOF (.vector_44) <= (_vector_spacing << 0x5))), function at exception vector 44 too large)

.vector_45      0x000000009fc017a0        0x0
 *(.vector_45)
                0x0000000000000001                ASSERT (((_vector_spacing == 0x0) || (SIZEOF (.vector_45) <= (_vector_spacing << 0x5))), function at exception vector 45 too large)

.vector_46      0x000000009fc017c0        0x0
 *(.vector_46)
                0x0000000000000001                ASSERT (((_vector_spacing == 0x0) || (SIZEOF (.vector_46) <= (_vector_spacing << 0x5))), function at exception vector 46 too large)

.vector_47      0x000000009fc017e0        0x0
 *(.vector_47)
                0x0000000000000001                ASSERT (((_vector_spacing == 0x0) || (SIZEOF (.vector_47) <= (_vector_spacing << 0x5))), function at exception vector 47 too large)

.vector_48      0x000000009fc01800        0x0
 *(.vector_48)
                0x0000000000000001                ASSERT (((_vector_spacing == 0x0) || (SIZEOF (.vector_48) <= (_vector_spacing << 0x5))), function at exception vector 48 too large)

.vector_49      0x000000009fc01820        0x0
 *(.vector_49)
                0x0000000000000001                ASSERT (((_vector_spacing == 0x0) || (SIZEOF (.vector_49) <= (_vector_spacing << 0x5))), function at exception vector 49 too large)

.vector_50      0x000000009fc01840        0x0
 *(.vector_50)
                0x0000000000000001                ASSERT (((_vector_spacing == 0x0) || (SIZEOF (.vector_50) <= (_vector_spacing << 0x5))), function at exception vector 50 too large)

.vector_51      0x000000009fc01860        0x0
 *(.vector_51)
                0x0000000000000001                ASSERT (((_vector_spacing == 0x0) || (SIZEOF (.vector_51) <= (_vector_spacing << 0x5))), function at exception vector 51 too large)

.vector_52      0x000000009fc01880        0x0
 *(.vector_52)
                0x0000000000000001                ASSERT (((_vector_spacing == 0x0) || (SIZEOF (.vector_52) <= (_vector_spacing << 0x5))), function at exception vector 52 too large)

.vector_53      0x000000009fc018a0        0x0
 *(.vector_53)
                0x0000000000000001                ASSERT (((_vector_spacing == 0x0) || (SIZEOF (.vector_53) <= (_vector_spacing << 0x5))), function at exception vector 53 too large)

.vector_54      0x000000009fc018c0        0x0
 *(.vector_54)
                0x0000000000000001                ASSERT (((_vector_spacing == 0x0) || (SIZEOF (.vector_54) <= (_vector_spacing << 0x5))), function at exception vector 54 too large)

.vector_55      0x000000009fc018e0        0x0
 *(.vector_55)
                0x0000000000000001                ASSERT (((_vector_spacing == 0x0) || (SIZEOF (.vector_55) <= (_vector_spacing << 0x5))), function at exception vector 55 too large)

.vector_56      0x000000009fc01900        0x0
 *(.vector_56)
                0x0000000000000001                ASSERT (((_vector_spacing == 0x0) || (SIZEOF (.vector_56) <= (_vector_spacing << 0x5))), function at exception vector 56 too large)

.vector_57      0x000000009fc01920        0x0
 *(.vector_57)
                0x0000000000000001                ASSERT (((_vector_spacing == 0x0) || (SIZEOF (.vector_57) <= (_vector_spacing << 0x5))), function at exception vector 57 too large)

.vector_58      0x000000009fc01940        0x0
 *(.vector_58)
                0x0000000000000001                ASSERT (((_vector_spacing == 0x0) || (SIZEOF (.vector_58) <= (_vector_spacing << 0x5))), function at exception vector 58 too large)

.vector_59      0x000000009fc01960        0x0
 *(.vector_59)
                0x0000000000000001                ASSERT (((_vector_spacing == 0x0) || (SIZEOF (.vector_59) <= (_vector_spacing << 0x5))), function at exception vector 59 too large)

.vector_60      0x000000009fc01980        0x0
 *(.vector_60)
                0x0000000000000001                ASSERT (((_vector_spacing == 0x0) || (SIZEOF (.vector_60) <= (_vector_spacing << 0x5))), function at exception vector 60 too large)

.vector_61      0x000000009fc019a0        0x0
 *(.vector_61)
                0x0000000000000001                ASSERT (((_vector_spacing == 0x0) || (SIZEOF (.vector_61) <= (_vector_spacing << 0x5))), function at exception vector 61 too large)

.vector_62      0x000000009fc019c0        0x0
 *(.vector_62)
                0x0000000000000001                ASSERT (((_vector_spacing == 0x0) || (SIZEOF (.vector_62) <= (_vector_spacing << 0x5))), function at exception vector 62 too large)

.vector_63      0x000000009fc019e0        0x0
 *(.vector_63)
                0x0000000000000001                ASSERT (((_vector_spacing == 0x0) || (SIZEOF (.vector_63) <= (_vector_spacing << 0x5))), function at exception vector 63 too large)

.startup
 *(.startup)

.text           0x000000009d000000        0x0
 *(.stub .gnu.linkonce.t.*)
 *(.text.*personality*)
 *(.mips16.fn.*)
 *(.mips16.call.*)
 *(.gnu.warning)
                0x000000009d000000                . = ALIGN (0x4)

.init           0x000000009d000000        0x0
 *crti.o(.init)
 *crtbegin.o(.init)
 *(EXCLUDE_FILE(*crtn.o *crtend?.o *crtend.o) .init)
 *crtend.o(.init)
 *crtn.o(.init)
                0x000000009d000000                . = ALIGN (0x4)

.fini           0x000000009d000000        0x0
 *(.fini)
                0x000000009d000000                . = ALIGN (0x4)

.preinit_array  0x000000009d000000        0x0
                [!provide]                        PROVIDE (__preinit_array_start = .)
 *(.preinit_array)
                [!provide]                        PROVIDE (__preinit_array_end = .)
                0x000000009d000000                . = ALIGN (0x4)

.init_array     0x000000009d000000        0x0
                [!provide]                        PROVIDE (__init_array_start = .)
 *(SORT_BY_NAME(.init_array.*))
 *(.init_array)
                [!provide]                        PROVIDE (__init_array_end = .)
                0x000000009d000000                . = ALIGN (0x4)

.fini_array     0x000000009d000000        0x0
                [!provide]                        PROVIDE (__fini_array_start = .)
 *(SORT_BY_NAME(.fini_array.*))
 *(.fini_array)
                [!provide]                        PROVIDE (__fini_array_end = .)
                0x000000009d000000                . = ALIGN (0x4)

.ctors          0x000000009d000000        0x0
 *crtbegin.o(.ctors)
 *crtbegin?.o(.ctors)
 *(EXCLUDE_FILE(*crtend?.o *crtend.o) .ctors)
 *(SORT_BY_NAME(.ctors.*))
 *(.ctors)
                0x000000009d000000                . = ALIGN (0x4)

.dtors          0x000000009d000000        0x0
 *crtbegin.o(.dtors)
 *crtbegin?.o(.dtors)
 *(EXCLUDE_FILE(*crtend?.o *crtend.o) .dtors)
 *(SORT_BY_NAME(.dtors.*))
 *(.dtors)
                0x000000009d000000                . = ALIGN (0x4)

.rodata         0x000000009d000000        0x0
 *(.gnu.linkonce.r.*)
 *(.rodata1)
                0x000000009d000000                . = ALIGN (0x4)

.sdata2         0x000000009d000000        0x0
 *(.sdata2 .sdata2.* .gnu.linkonce.s2.*)
                0x000000009d000000                . = ALIGN (0x4)

.sbss2          0x000000009d000000        0x0
 *(.sbss2 .sbss2.* .gnu.linkonce.sb2.*)
                0x000000009d000000                . = ALIGN (0x4)

.eh_frame_hdr
 *(.eh_frame_hdr)
                0x000000009d000000                . = ALIGN (0x4)

.eh_frame
 *(.eh_frame)
                0x000000009d000000                . = ALIGN (0x4)

.gcc_except_table
 *(.gcc_except_table .gcc_except_table.*)
                0x000000009d000000                . = ALIGN (0x4)

.dbg_data       0x00000000a0000000        0x0
                0x00000000a0000000                . = (. + DEFINED (_DEBUGGER)?0x200:0x0)

.jcr            0x00000000a0000000        0x0
 *(.jcr)
                0x00000000a0000000                . = ALIGN (0x4)

.eh_frame
 *(.eh_frame)
                0x00000000a0000000                . = ALIGN (0x4)

.gcc_except_table
 *(.gcc_except_table .gcc_except_table.*)
                0x00000000a0000000                . = ALIGN (0x4)

.persist        0x00000000a0000000        0x0
                0x00000000a0000000                _persist_begin = .
 *(.persist .persist.*)
                0x00000000a0000000                . = ALIGN (0x4)
                0x00000000a0000000                _persist_end = .

.data           0x00000000a0000000        0x0
 *(.gnu.linkonce.d.*)
 *(.data1)
                0x00000000a0000000                . = ALIGN (0x4)
                0x00000000a0000000                . = .
                0x00000000a0007ff0                _gp = (ALIGN (0x10) + 0x7ff0)

.got            0x00000000a0000000        0x0
 *(.got.plt)
 *(.got)
                0x00000000a0000000                . = ALIGN (0x4)

.sdata          0x00000000a0000000       0x30
                0x00000000a0000000                _sdata_begin = .
 *(.sdata .sdata.* .gnu.linkonce.s.*)
 .sdata         0x00000000a0000000        0x4 build/default/production/ece118_base/AD.o
 .sdata         0x00000000a0000004        0x7 build/default/production/ece118_base/RC_Servo.o
 *fill*         0x00000000a000000b        0x1 
 .sdata         0x00000000a000000c        0x8 build/default/production/ece118_template/PingEventChecker.o
 .sdata         0x00000000a0000014        0x4 build/default/production/ece118_base/ColorEventChecker.o
 .sdata         0x00000000a0000018        0x2 build/default/production/ece118_base/IREventChecker.o
 *fill*         0x00000000a000001a        0x2 
 .sdata         0x00000000a000001c        0x4 build/default/production/ece118_base/CenterSubHSM.o
 .sdata         0x00000000a0000020        0x5 build/default/production/ece118_template/TemplateHSM.o
 *fill*         0x00000000a0000025        0x3 
 .sdata         0x00000000a0000028        0x4 build/default/production/ece118_base/LeftSubHSM.o
 .sdata         0x00000000a000002c        0x4 build/default/production/ece118_template/RightSubHSM.o
                0x00000000a0000030                . = ALIGN (0x4)
                0x00000000a0000030                _sdata_end = .

.lit8
 *(.lit8)

.lit4
 *(.lit4)
                0x00000000a0000030                . = ALIGN (0x4)
                0x00000000a0000030                _data_end = .
                0x00000000a0000030                _bss_begin = .

.sbss           0x00000000a0000030      0x120
                0x00000000a0000030                _sbss_begin = .
 *(.dynsbss)
 *(.sbss .sbss.* .gnu.linkonce.sb.*)
 .sbss          0x00000000a0000030       0x24 build/default/production/ece118_base/AD.o
 .sbss          0x00000000a0000054        0xc build/default/production/ece118_base/ES_Framework.o
                0x00000000a0000054                Ready
 .sbss          0x00000000a0000060        0x1 build/default/production/ece118_base/ES_KeyboardInput.o
 *fill*         0x00000000a0000061        0x3 
 .sbss          0x00000000a0000064        0xc build/default/production/ece118_base/ES_TimerService.o
 .sbss          0x00000000a0000070       0x30 build/default/production/ece118_base/ES_Timers.o
 .sbss          0x00000000a00000a0        0x2 build/default/production/ece118_base/LED.o
 *fill*         0x00000000a00000a2        0x2 
 .sbss          0x00000000a00000a4       0x12 build/default/production/ece118_base/RC_Servo.o
                0x00000000a00000a4                RCenabled
 *fill*         0x00000000a00000b6        0x2 
 .sbss          0x00000000a00000b8        0xc build/default/production/ece118_base/pwm.o
 .sbss          0x00000000a00000c4        0xe build/default/production/ece118_base/serial.o
 *fill*         0x00000000a00000d2        0x2 
 .sbss          0x00000000a00000d4        0xc build/default/production/ece118_base/timers.o
 .sbss          0x00000000a00000e0        0x8 build/default/production/ece118_template/PingEventChecker.o
 .sbss          0x00000000a00000e8       0x10 build/default/production/PingSensor.o
                0x00000000a00000f4                dist
 .sbss          0x00000000a00000f8        0x8 build/default/production/ece118_base/ColorSensor.o
 .sbss          0x00000000a0000100        0x8 build/default/production/ece118_base/ColorEventChecker.o
 .sbss          0x00000000a0000108        0x1 build/default/production/ece118_base/PingService.o
 .sbss          0x00000000a0000109        0x1 build/default/production/ece118_base/ColorService.o
 .sbss          0x00000000a000010a        0x1 build/default/production/ece118_base/IRService.o
 *fill*         0x00000000a000010b        0x1 
 .sbss          0x00000000a000010c        0x5 build/default/production/ece118_base/SortSubHSM.o
 *fill*         0x00000000a0000111        0x3 
 .sbss          0x00000000a0000114        0x5 build/default/production/ece118_base/RedFlowSubHSM.o
 *fill*         0x00000000a0000119        0x3 
 .sbss          0x00000000a000011c        0x5 build/default/production/ece118_base/BlueFlowSubHSM.o
 *fill*         0x00000000a0000121        0x3 
 .sbss          0x00000000a0000124        0x9 build/default/production/ece118_base/CenterSubHSM.o
 *fill*         0x00000000a000012d        0x3 
 .sbss          0x00000000a0000130        0x6 build/default/production/ece118_template/TemplateHSM.o
 *fill*         0x00000000a0000136        0x2 
 .sbss          0x00000000a0000138        0xa build/default/production/ece118_base/LeftSubHSM.o
 *fill*         0x00000000a0000142        0x2 
 .sbss          0x00000000a0000144        0x9 build/default/production/ece118_template/RightSubHSM.o
 *(.scommon)
                0x00000000a000014d                _sbss_end = .
                0x00000000a0000150                . = ALIGN (0x4)
 *fill*         0x00000000a000014d        0x3 

.bss            0x00000000a0000150        0x0
 *(.dynbss)
 *(COMMON)
                0x00000000a0000150                . = ALIGN ((. != 0x0)?0x4:0x1)
                0x00000000a0000150                . = ALIGN (0x4)
                0x00000000a0000150                _end = .
                0x00000000a0000150                _bss_end = .
                0x0000000000004000                _bmxdudba_address = LENGTH (kseg1_data_mem)
                0x0000000000004000                _bmxdupba_address = LENGTH (kseg1_data_mem)

/DISCARD/
 *(.pdr)
 *(.rel.dyn)
 *(.note.GNU-stack)
 *(.note.GNU-stack)
 *(.gnu_debuglink)
 *(.gnu.lto_*)
 *(.discard)

.gptab.sdata
 *(.gptab.data)
 *(.gptab.sdata)

.gptab.sbss
 *(.gptab.bss)
 *(.gptab.sbss)

.mdebug.abi32   0x0000000000000000        0x0
 *(.mdebug.abi32)
 .mdebug.abi32  0x0000000000000000        0x0 build/default/production/ece118_base/AD.o
 .mdebug.abi32  0x0000000000000000        0x0 build/default/production/ece118_base/BOARD.o
 .mdebug.abi32  0x0000000000000000        0x0 build/default/production/ece118_base/ES_CheckEvents.o
 .mdebug.abi32  0x0000000000000000        0x0 build/default/production/ece118_base/ES_Framework.o
 .mdebug.abi32  0x0000000000000000        0x0 build/default/production/ece118_base/ES_KeyboardInput.o
 .mdebug.abi32  0x0000000000000000        0x0 build/default/production/ece118_base/ES_LookupTables.o
 .mdebug.abi32  0x0000000000000000        0x0 build/default/production/ece118_base/ES_PostList.o
 .mdebug.abi32  0x0000000000000000        0x0 build/default/production/ece118_base/ES_Queue.o
 .mdebug.abi32  0x0000000000000000        0x0 build/default/production/ece118_base/ES_TattleTale.o
 .mdebug.abi32  0x0000000000000000        0x0 build/default/production/ece118_base/ES_TimerService.o
 .mdebug.abi32  0x0000000000000000        0x0 build/default/production/ece118_base/ES_Timers.o
 .mdebug.abi32  0x0000000000000000        0x0 build/default/production/ece118_base/IO_Ports.o
 .mdebug.abi32  0x0000000000000000        0x0 build/default/production/ece118_base/LED.o
 .mdebug.abi32  0x0000000000000000        0x0 build/default/production/ece118_base/RC_Servo.o
 .mdebug.abi32  0x0000000000000000        0x0 build/default/production/ece118_base/pwm.o
 .mdebug.abi32  0x0000000000000000        0x0 build/default/production/ece118_base/serial.o
 .mdebug.abi32  0x0000000000000000        0x0 build/default/production/ece118_base/timers.o
 .mdebug.abi32  0x0000000000000000        0x0 build/default/production/ece118_template/PingEventChecker.o
 .mdebug.abi32  0x0000000000000000        0x0 build/default/production/PingSensor.o
 .mdebug.abi32  0x0000000000000000        0x0 build/default/production/ece118_base/ColorSensor.o
 .mdebug.abi32  0x0000000000000000        0x0 build/default/production/ece118_base/ColorEventChecker.o
 .mdebug.abi32  0x0000000000000000        0x0 build/default/production/ece118_base/PingService.o
 .mdebug.abi32  0x0000000000000000        0x0 build/default/production/ece118_base/ColorService.o
 .mdebug.abi32  0x0000000000000000        0x0 build/default/production/ece118_base/IRSensor.o
 .mdebug.abi32  0x0000000000000000        0x0 build/default/production/ece118_base/IREventChecker.o
 .mdebug.abi32  0x0000000000000000        0x0 build/default/production/ece118_base/IRService.o
 .mdebug.abi32  0x0000000000000000        0x0 build/default/production/ece118_base/Actuators.o
 .mdebug.abi32  0x0000000000000000        0x0 build/default/production/ece118_base/SortSubHSM.o
 .mdebug.abi32  0x0000000000000000        0x0 build/default/production/ece118_template/TemplateES_Main.o
 .mdebug.abi32  0x0000000000000000        0x0 build/default/production/ece118_base/RedFlowSubHSM.o
 .mdebug.abi32  0x0000000000000000        0x0 build/default/production/ece118_base/BlueFlowSubHSM.o
 .mdebug.abi32  0x0000000000000000        0x0 build/default/production/ece118_base/CenterSubHSM.o
 .mdebug.abi32  0x0000000000000000        0x0 build/default/production/ece118_template/TemplateHSM.o
 .mdebug.abi32  0x0000000000000000        0x0 build/default/production/ece118_base/LeftSubHSM.o
 .mdebug.abi32  0x0000000000000000        0x0 build/default/production/ece118_template/RightSubHSM.o
 .mdebug.abi32  0x0000000000000000        0x0 c:/program files/microchip/xc32/v4.50/bin/bin/../../lib/gcc/pic32mx/8.3.1\libgcc.a(floatunsisf.o)
 .mdebug.abi32  0x0000000000000000        0x0 c:/program files/microchip/xc32/v4.50/bin/bin/../../lib/gcc/pic32mx/8.3.1/../../../../pic32mx/lib\libpic32.a(default-bootstrap-exception-handler.o)
 .mdebug.abi32  0x0000000000000000        0x0 c:/program files/microchip/xc32/v4.50/bin/bin/../../lib/gcc/pic32mx/8.3.1/../../../../pic32mx/lib\libpic32.a(default-on-reset.o)
 .mdebug.abi32  0x0000000000000000        0x0 c:/program files/microchip/xc32/v4.50/bin/bin/../../lib/gcc/pic32mx/8.3.1/../../../../pic32mx/lib\libpic32.a(default-on-bootstrap.o)
 .mdebug.abi32  0x0000000000000000        0x0 c:/program files/microchip/xc32/v4.50/bin/bin/../../lib/gcc/pic32mx/8.3.1/../../../../pic32mx/lib\libpic32.a(default-general-exception-handler.o)
 .mdebug.abi32  0x0000000000000000        0x0 c:/program files/microchip/xc32/v4.50/bin/bin/../../lib/gcc/pic32mx/8.3.1/../../../../pic32mx/lib\libpic32.a(defaultinterrupt.o)
 .mdebug.abi32  0x0000000000000000        0x0 c:/program files/microchip/xc32/v4.50/bin/bin/../../lib/gcc/pic32mx/8.3.1/../../../../pic32mx/lib\libc-musl.a(__sio_printf_cdnpsuxX.o)
 .mdebug.abi32  0x0000000000000000        0x0 c:/program files/microchip/xc32/v4.50/bin/bin/../../lib/gcc/pic32mx/8.3.1/../../../../pic32mx/lib\libc-musl.a(__fmt_d.o)
 .mdebug.abi32  0x0000000000000000        0x0 c:/program files/microchip/xc32/v4.50/bin/bin/../../lib/gcc/pic32mx/8.3.1/../../../../pic32mx/lib\libc-musl.a(__fmt_s.o)
 .mdebug.abi32  0x0000000000000000        0x0 c:/program files/microchip/xc32/v4.50/bin/bin/../../lib/gcc/pic32mx/8.3.1/../../../../pic32mx/lib\libc-musl.a(__fmt_u.o)
 .mdebug.abi32  0x0000000000000000        0x0 c:/program files/microchip/xc32/v4.50/bin/bin/../../lib/gcc/pic32mx/8.3.1/../../../../pic32mx/lib\libc-musl.a(__fmt_x.o)
 .mdebug.abi32  0x0000000000000000        0x0 c:/program files/microchip/xc32/v4.50/bin/bin/../../lib/gcc/pic32mx/8.3.1/../../../../pic32mx/lib\libc-musl.a(__pop_int.o)
 .mdebug.abi32  0x0000000000000000        0x0 c:/program files/microchip/xc32/v4.50/bin/bin/../../lib/gcc/pic32mx/8.3.1/../../../../pic32mx/lib\libc-musl.a(__pop_ptr.o)
 .mdebug.abi32  0x0000000000000000        0x0 c:/program files/microchip/xc32/v4.50/bin/bin/../../lib/gcc/pic32mx/8.3.1/../../../../pic32mx/lib\libc-musl.a(__printf_core.o)
 .mdebug.abi32  0x0000000000000000        0x0 c:/program files/microchip/xc32/v4.50/bin/bin/../../lib/gcc/pic32mx/8.3.1/../../../../pic32mx/lib\libc-musl.a(stdout.o)
 .mdebug.abi32  0x0000000000000000        0x0 c:/program files/microchip/xc32/v4.50/bin/bin/../../lib/gcc/pic32mx/8.3.1/../../../../pic32mx/lib\libc-musl.a(puts.o)
 .mdebug.abi32  0x0000000000000000        0x0 c:/program files/microchip/xc32/v4.50/bin/bin/../../lib/gcc/pic32mx/8.3.1/../../../../pic32mx/lib\libc-musl.a(atoi.o)
 .mdebug.abi32  0x0000000000000000        0x0 c:/program files/microchip/xc32/v4.50/bin/bin/../../lib/gcc/pic32mx/8.3.1/../../../../pic32mx/lib\libc-musl.a(tolower.o)
 .mdebug.abi32  0x0000000000000000        0x0 c:/program files/microchip/xc32/v4.50/bin/bin/../../lib/gcc/pic32mx/8.3.1/../../../../pic32mx/lib\libc-musl.a(toupper.o)
 .mdebug.abi32  0x0000000000000000        0x0 c:/program files/microchip/xc32/v4.50/bin/bin/../../lib/gcc/pic32mx/8.3.1/../../../../pic32mx/lib\libc-musl.a(__int_vfprintf.o)
 .mdebug.abi32  0x0000000000000000        0x0 c:/program files/microchip/xc32/v4.50/bin/bin/../../lib/gcc/pic32mx/8.3.1/../../../../pic32mx/lib\libc-musl.a(fputs.o)
 .mdebug.abi32  0x0000000000000000        0x0 c:/program files/microchip/xc32/v4.50/bin/bin/../../lib/gcc/pic32mx/8.3.1/../../../../pic32mx/lib\libc-musl.a(__cvt_u.o)
 .mdebug.abi32  0x0000000000000000        0x0 c:/program files/microchip/xc32/v4.50/bin/bin/../../lib/gcc/pic32mx/8.3.1/../../../../pic32mx/lib\libc-musl.a(__io_init_needed.o)
 .mdebug.abi32  0x0000000000000000        0x0 c:/program files/microchip/xc32/v4.50/bin/bin/../../lib/gcc/pic32mx/8.3.1/../../../../pic32mx/lib\libc-musl.a(__out.o)
 .mdebug.abi32  0x0000000000000000        0x0 c:/program files/microchip/xc32/v4.50/bin/bin/../../lib/gcc/pic32mx/8.3.1/../../../../pic32mx/lib\libc-musl.a(__pop_float.o)
 .mdebug.abi32  0x0000000000000000        0x0 c:/program files/microchip/xc32/v4.50/bin/bin/../../lib/gcc/pic32mx/8.3.1/../../../../pic32mx/lib\libc-musl.a(__stdio_close.o)
 .mdebug.abi32  0x0000000000000000        0x0 c:/program files/microchip/xc32/v4.50/bin/bin/../../lib/gcc/pic32mx/8.3.1/../../../../pic32mx/lib\libc-musl.a(fwrite.o)
 .mdebug.abi32  0x0000000000000000        0x0 c:/program files/microchip/xc32/v4.50/bin/bin/../../lib/gcc/pic32mx/8.3.1/../../../../pic32mx/lib\libc-musl.a(putc.o)
 .mdebug.abi32  0x0000000000000000        0x0 c:/program files/microchip/xc32/v4.50/bin/bin/../../lib/gcc/pic32mx/8.3.1/../../../../pic32mx/lib\libc-musl.a(__init_stdio.o)
 .mdebug.abi32  0x0000000000000000        0x0 c:/program files/microchip/xc32/v4.50/bin/bin/../../lib/gcc/pic32mx/8.3.1/../../../../pic32mx/lib\libc-musl.a(__io_file_needed.o)
 .mdebug.abi32  0x0000000000000000        0x0 c:/program files/microchip/xc32/v4.50/bin/bin/../../lib/gcc/pic32mx/8.3.1/../../../../pic32mx/lib\libpic32.a(write.o)
 .mdebug.abi32  0x0000000000000000        0x0 c:/program files/microchip/xc32/v4.50/bin/bin/../../lib/gcc/pic32mx/8.3.1/../../../../pic32mx/lib\libpic32.a(lseek.o)
 .mdebug.abi32  0x0000000000000000        0x0 c:/program files/microchip/xc32/v4.50/bin/bin/../../lib/gcc/pic32mx/8.3.1/../../../../pic32mx/lib\libpic32.a(close.o)
 .mdebug.abi32  0x0000000000000000        0x0 c:/program files/microchip/xc32/v4.50/bin/bin/../../lib/gcc/pic32mx/8.3.1/../../../../pic32mx/lib\libpic32.a(errno.o)
 .mdebug.abi32  0x0000000000000000        0x0 c:/program files/microchip/xc32/v4.50/bin/bin/../../lib/gcc/pic32mx/8.3.1/../../../../pic32mx/lib\libc-size-musl.a(memcpy.o)
 .mdebug.abi32  0x0000000000000000        0x0 c:/program files/microchip/xc32/v4.50/bin/bin/../../lib/gcc/pic32mx/8.3.1/../../../../pic32mx/lib\libc-size-musl.a(memset.o)
 .mdebug.abi32  0x0000000000000000        0x0 c:/program files/microchip/xc32/v4.50/bin/bin/../../lib/gcc/pic32mx/8.3.1/../../../../pic32mx/lib\libc-size-musl.a(strlen.o)
 .mdebug.abi32  0x0000000000000000        0x0 c:/program files/microchip/xc32/v4.50/bin/bin/../../lib/gcc/pic32mx/8.3.1\libgcc.a(_udivdi3.o)
 .mdebug.abi32  0x0000000000000000        0x0 c:/program files/microchip/xc32/v4.50/bin/bin/../../lib/gcc/pic32mx/8.3.1\libgcc.a(_umoddi3.o)

.mdebug.abiN32
 *(.mdebug.abiN32)

.mdebug.abi64
 *(.mdebug.abi64)

.mdebug.abiO64
 *(.mdebug.abiO64)

.mdebug.eabi32
 *(.mdebug.eabi32)

.mdebug.eabi64
 *(.mdebug.eabi64)

.gcc_compiled_long32
 *(.gcc_compiled_long32)

.gcc_compiled_long64
 *(.gcc_compiled_long64)

.stab
 *(.stab)

.stabstr
 *(.stabstr)

.stab.excl
 *(.stab.excl)

.stab.exclstr
 *(.stab.exclstr)

.stab.index
 *(.stab.index)

.stab.indexstr
 *(.stab.indexstr)

.comment        0x0000000000000000       0x56
 *(.comment)
 .comment       0x0000000000000000       0x2b build/default/production/ece118_base/AD.o
                                         0x2c (size before relaxing)
 .comment       0x000000000000002b       0x2c build/default/production/ece118_base/BOARD.o
 .comment       0x000000000000002b       0x2b build/default/production/ece118_base/ES_CheckEvents.o
                                         0x2c (size before relaxing)
 .comment       0x0000000000000056       0x2c build/default/production/ece118_base/ES_Framework.o
 .comment       0x0000000000000056       0x2c build/default/production/ece118_base/ES_KeyboardInput.o
 .comment       0x0000000000000056       0x2c build/default/production/ece118_base/ES_LookupTables.o
 .comment       0x0000000000000056       0x2c build/default/production/ece118_base/ES_PostList.o
 .comment       0x0000000000000056       0x2c build/default/production/ece118_base/ES_Queue.o
 .comment       0x0000000000000056       0x2c build/default/production/ece118_base/ES_TattleTale.o
 .comment       0x0000000000000056       0x2c build/default/production/ece118_base/ES_TimerService.o
 .comment       0x0000000000000056       0x2c build/default/production/ece118_base/ES_Timers.o
 .comment       0x0000000000000056       0x2c build/default/production/ece118_base/IO_Ports.o
 .comment       0x0000000000000056       0x2c build/default/production/ece118_base/LED.o
 .comment       0x0000000000000056       0x2c build/default/production/ece118_base/RC_Servo.o
 .comment       0x0000000000000056       0x2c build/default/production/ece118_base/pwm.o
 .comment       0x0000000000000056       0x2c build/default/production/ece118_base/serial.o
 .comment       0x0000000000000056       0x2c build/default/production/ece118_base/timers.o
 .comment       0x0000000000000056       0x2c build/default/production/ece118_template/PingEventChecker.o
 .comment       0x0000000000000056       0x2c build/default/production/PingSensor.o
 .comment       0x0000000000000056       0x2c build/default/production/ece118_base/ColorSensor.o
 .comment       0x0000000000000056       0x2c build/default/production/ece118_base/ColorEventChecker.o
 .comment       0x0000000000000056       0x2c build/default/production/ece118_base/PingService.o
 .comment       0x0000000000000056       0x2c build/default/production/ece118_base/ColorService.o
 .comment       0x0000000000000056       0x2c build/default/production/ece118_base/IRSensor.o
 .comment       0x0000000000000056       0x2c build/default/production/ece118_base/IREventChecker.o
 .comment       0x0000000000000056       0x2c build/default/production/ece118_base/IRService.o
 .comment       0x0000000000000056       0x2c build/default/production/ece118_base/Actuators.o
 .comment       0x0000000000000056       0x2c build/default/production/ece118_base/SortSubHSM.o
 .comment       0x0000000000000056       0x2c build/default/production/ece118_template/TemplateES_Main.o
 .comment       0x0000000000000056       0x2c build/default/production/ece118_base/RedFlowSubHSM.o
 .comment       0x0000000000000056       0x2c build/default/production/ece118_base/BlueFlowSubHSM.o
 .comment       0x0000000000000056       0x2c build/default/production/ece118_base/CenterSubHSM.o
 .comment       0x0000000000000056       0x2c build/default/production/ece118_template/TemplateHSM.o
 .comment       0x0000000000000056       0x2c build/default/production/ece118_base/LeftSubHSM.o
 .comment       0x0000000000000056       0x2c build/default/production/ece118_template/RightSubHSM.o
 .comment       0x0000000000000056       0x2c c:/program files/microchip/xc32/v4.50/bin/bin/../../lib/gcc/pic32mx/8.3.1\libgcc.a(floatunsisf.o)
 .comment       0x0000000000000056       0x2c c:/program files/microchip/xc32/v4.50/bin/bin/../../lib/gcc/pic32mx/8.3.1/../../../../pic32mx/lib\libpic32.a(default-bootstrap-exception-handler.o)
 .comment       0x0000000000000056       0x2c c:/program files/microchip/xc32/v4.50/bin/bin/../../lib/gcc/pic32mx/8.3.1/../../../../pic32mx/lib\libpic32.a(default-on-reset.o)
 .comment       0x0000000000000056       0x2c c:/program files/microchip/xc32/v4.50/bin/bin/../../lib/gcc/pic32mx/8.3.1/../../../../pic32mx/lib\libpic32.a(default-on-bootstrap.o)
 .comment       0x0000000000000056       0x2c c:/program files/microchip/xc32/v4.50/bin/bin/../../lib/gcc/pic32mx/8.3.1/../../../../pic32mx/lib\libpic32.a(default-general-exception-handler.o)
 .comment       0x0000000000000056       0x2c c:/program files/microchip/xc32/v4.50/bin/bin/../../lib/gcc/pic32mx/8.3.1/../../../../pic32mx/lib\libpic32.a(defaultinterrupt.o)
 .comment       0x0000000000000056       0x2c c:/program files/microchip/xc32/v4.50/bin/bin/../../lib/gcc/pic32mx/8.3.1/../../../../pic32mx/lib\libc-musl.a(__sio_printf_cdnpsuxX.o)
 .comment       0x0000000000000056       0x2c c:/program files/microchip/xc32/v4.50/bin/bin/../../lib/gcc/pic32mx/8.3.1/../../../../pic32mx/lib\libc-musl.a(__fmt_d.o)
 .comment       0x0000000000000056       0x2c c:/program files/microchip/xc32/v4.50/bin/bin/../../lib/gcc/pic32mx/8.3.1/../../../../pic32mx/lib\libc-musl.a(__fmt_s.o)
 .comment       0x0000000000000056       0x2c c:/program files/microchip/xc32/v4.50/bin/bin/../../lib/gcc/pic32mx/8.3.1/../../../../pic32mx/lib\libc-musl.a(__fmt_u.o)
 .comment       0x0000000000000056       0x2c c:/program files/microchip/xc32/v4.50/bin/bin/../../lib/gcc/pic32mx/8.3.1/../../../../pic32mx/lib\libc-musl.a(__fmt_x.o)
 .comment       0x0000000000000056       0x2c c:/program files/microchip/xc32/v4.50/bin/bin/../../lib/gcc/pic32mx/8.3.1/../../../../pic32mx/lib\libc-musl.a(__pop_int.o)
 .comment       0x0000000000000056       0x2c c:/program files/microchip/xc32/v4.50/bin/bin/../../lib/gcc/pic32mx/8.3.1/../../../../pic32mx/lib\libc-musl.a(__pop_ptr.o)
 .comment       0x0000000000000056       0x2c c:/program files/microchip/xc32/v4.50/bin/bin/../../lib/gcc/pic32mx/8.3.1/../../../../pic32mx/lib\libc-musl.a(__printf_core.o)
 .comment       0x0000000000000056       0x2c c:/program files/microchip/xc32/v4.50/bin/bin/../../lib/gcc/pic32mx/8.3.1/../../../../pic32mx/lib\libc-musl.a(stdout.o)
 .comment       0x0000000000000056       0x2c c:/program files/microchip/xc32/v4.50/bin/bin/../../lib/gcc/pic32mx/8.3.1/../../../../pic32mx/lib\libc-musl.a(puts.o)
 .comment       0x0000000000000056       0x2c c:/program files/microchip/xc32/v4.50/bin/bin/../../lib/gcc/pic32mx/8.3.1/../../../../pic32mx/lib\libc-musl.a(atoi.o)
 .comment       0x0000000000000056       0x2c c:/program files/microchip/xc32/v4.50/bin/bin/../../lib/gcc/pic32mx/8.3.1/../../../../pic32mx/lib\libc-musl.a(tolower.o)
 .comment       0x0000000000000056       0x2c c:/program files/microchip/xc32/v4.50/bin/bin/../../lib/gcc/pic32mx/8.3.1/../../../../pic32mx/lib\libc-musl.a(toupper.o)
 .comment       0x0000000000000056       0x2c c:/program files/microchip/xc32/v4.50/bin/bin/../../lib/gcc/pic32mx/8.3.1/../../../../pic32mx/lib\libc-musl.a(__int_vfprintf.o)
 .comment       0x0000000000000056       0x2c c:/program files/microchip/xc32/v4.50/bin/bin/../../lib/gcc/pic32mx/8.3.1/../../../../pic32mx/lib\libc-musl.a(fputs.o)
 .comment       0x0000000000000056       0x2c c:/program files/microchip/xc32/v4.50/bin/bin/../../lib/gcc/pic32mx/8.3.1/../../../../pic32mx/lib\libc-musl.a(__cvt_u.o)
 .comment       0x0000000000000056       0x2c c:/program files/microchip/xc32/v4.50/bin/bin/../../lib/gcc/pic32mx/8.3.1/../../../../pic32mx/lib\libc-musl.a(__io_init_needed.o)
 .comment       0x0000000000000056       0x2c c:/program files/microchip/xc32/v4.50/bin/bin/../../lib/gcc/pic32mx/8.3.1/../../../../pic32mx/lib\libc-musl.a(__out.o)
 .comment       0x0000000000000056       0x2c c:/program files/microchip/xc32/v4.50/bin/bin/../../lib/gcc/pic32mx/8.3.1/../../../../pic32mx/lib\libc-musl.a(__pop_float.o)
 .comment       0x0000000000000056       0x2c c:/program files/microchip/xc32/v4.50/bin/bin/../../lib/gcc/pic32mx/8.3.1/../../../../pic32mx/lib\libc-musl.a(__stdio_close.o)
 .comment       0x0000000000000056       0x2c c:/program files/microchip/xc32/v4.50/bin/bin/../../lib/gcc/pic32mx/8.3.1/../../../../pic32mx/lib\libc-musl.a(fwrite.o)
 .comment       0x0000000000000056       0x2c c:/program files/microchip/xc32/v4.50/bin/bin/../../lib/gcc/pic32mx/8.3.1/../../../../pic32mx/lib\libc-musl.a(putc.o)
 .comment       0x0000000000000056       0x2c c:/program files/microchip/xc32/v4.50/bin/bin/../../lib/gcc/pic32mx/8.3.1/../../../../pic32mx/lib\libc-musl.a(__init_stdio.o)
 .comment       0x0000000000000056       0x2c c:/program files/microchip/xc32/v4.50/bin/bin/../../lib/gcc/pic32mx/8.3.1/../../../../pic32mx/lib\libc-musl.a(__io_file_needed.o)
 .comment       0x0000000000000056       0x2c c:/program files/microchip/xc32/v4.50/bin/bin/../../lib/gcc/pic32mx/8.3.1/../../../../pic32mx/lib\libpic32.a(write.o)
 .comment       0x0000000000000056       0x2c c:/program files/microchip/xc32/v4.50/bin/bin/../../lib/gcc/pic32mx/8.3.1/../../../../pic32mx/lib\libpic32.a(lseek.o)
 .comment       0x0000000000000056       0x2c c:/program files/microchip/xc32/v4.50/bin/bin/../../lib/gcc/pic32mx/8.3.1/../../../../pic32mx/lib\libpic32.a(close.o)
 .comment       0x0000000000000056       0x2c c:/program files/microchip/xc32/v4.50/bin/bin/../../lib/gcc/pic32mx/8.3.1/../../../../pic32mx/lib\libpic32.a(errno.o)
 .comment       0x0000000000000056       0x2c c:/program files/microchip/xc32/v4.50/bin/bin/../../lib/gcc/pic32mx/8.3.1/../../../../pic32mx/lib\libc-size-musl.a(memcpy.o)
 .comment       0x0000000000000056       0x2c c:/program files/microchip/xc32/v4.50/bin/bin/../../lib/gcc/pic32mx/8.3.1/../../../../pic32mx/lib\libc-size-musl.a(memset.o)
 .comment       0x0000000000000056       0x2c c:/program files/microchip/xc32/v4.50/bin/bin/../../lib/gcc/pic32mx/8.3.1/../../../../pic32mx/lib\libc-size-musl.a(strlen.o)
 .comment       0x0000000000000056       0x2c c:/program files/microchip/xc32/v4.50/bin/bin/../../lib/gcc/pic32mx/8.3.1\libgcc.a(_udivdi3.o)
 .comment       0x0000000000000056       0x2c c:/program files/microchip/xc32/v4.50/bin/bin/../../lib/gcc/pic32mx/8.3.1\libgcc.a(_umoddi3.o)

.debug
 *.elf(.debug)
 *(.debug)

.line
 *.elf(.line)
 *(.line)

.debug_srcinfo
 *.elf(.debug_srcinfo)
 *(.debug_srcinfo)

.debug_sfnames
 *.elf(.debug_sfnames)
 *(.debug_sfnames)

.debug_aranges  0x0000000000000000      0x998
 *.elf(.debug_aranges)
 *(.debug_aranges)
 .debug_aranges
                0x0000000000000000       0x20 build/default/production/ece118_base/AD.o
 .debug_aranges
                0x0000000000000020       0x20 build/default/production/ece118_base/BOARD.o
 .debug_aranges
                0x0000000000000040       0x20 build/default/production/ece118_base/ES_CheckEvents.o
 .debug_aranges
                0x0000000000000060       0x20 build/default/production/ece118_base/ES_Framework.o
 .debug_aranges
                0x0000000000000080       0x20 build/default/production/ece118_base/ES_KeyboardInput.o
 .debug_aranges
                0x00000000000000a0       0x18 build/default/production/ece118_base/ES_LookupTables.o
 .debug_aranges
                0x00000000000000b8       0x18 build/default/production/ece118_base/ES_PostList.o
 .debug_aranges
                0x00000000000000d0       0x20 build/default/production/ece118_base/ES_Queue.o
 .debug_aranges
                0x00000000000000f0       0x18 build/default/production/ece118_base/ES_TattleTale.o
 .debug_aranges
                0x0000000000000108       0x20 build/default/production/ece118_base/ES_TimerService.o
 .debug_aranges
                0x0000000000000128       0x20 build/default/production/ece118_base/ES_Timers.o
 .debug_aranges
                0x0000000000000148       0x20 build/default/production/ece118_base/IO_Ports.o
 .debug_aranges
                0x0000000000000168       0x20 build/default/production/ece118_base/LED.o
 .debug_aranges
                0x0000000000000188       0x20 build/default/production/ece118_base/RC_Servo.o
 .debug_aranges
                0x00000000000001a8       0x20 build/default/production/ece118_base/pwm.o
 .debug_aranges
                0x00000000000001c8       0x20 build/default/production/ece118_base/serial.o
 .debug_aranges
                0x00000000000001e8       0x20 build/default/production/ece118_base/timers.o
 .debug_aranges
                0x0000000000000208       0x20 build/default/production/ece118_template/PingEventChecker.o
 .debug_aranges
                0x0000000000000228       0x20 build/default/production/PingSensor.o
 .debug_aranges
                0x0000000000000248       0x20 build/default/production/ece118_base/ColorSensor.o
 .debug_aranges
                0x0000000000000268       0x20 build/default/production/ece118_base/ColorEventChecker.o
 .debug_aranges
                0x0000000000000288       0x20 build/default/production/ece118_base/PingService.o
 .debug_aranges
                0x00000000000002a8       0x20 build/default/production/ece118_base/ColorService.o
 .debug_aranges
                0x00000000000002c8       0x20 build/default/production/ece118_base/IRSensor.o
 .debug_aranges
                0x00000000000002e8       0x20 build/default/production/ece118_base/IREventChecker.o
 .debug_aranges
                0x0000000000000308       0x20 build/default/production/ece118_base/IRService.o
 .debug_aranges
                0x0000000000000328       0x20 build/default/production/ece118_base/Actuators.o
 .debug_aranges
                0x0000000000000348       0x20 build/default/production/ece118_base/SortSubHSM.o
 .debug_aranges
                0x0000000000000368       0x20 build/default/production/ece118_template/TemplateES_Main.o
 .debug_aranges
                0x0000000000000388       0x20 build/default/production/ece118_base/RedFlowSubHSM.o
 .debug_aranges
                0x00000000000003a8       0x20 build/default/production/ece118_base/BlueFlowSubHSM.o
 .debug_aranges
                0x00000000000003c8       0x20 build/default/production/ece118_base/CenterSubHSM.o
 .debug_aranges
                0x00000000000003e8       0x20 build/default/production/ece118_template/TemplateHSM.o
 .debug_aranges
                0x0000000000000408       0x20 build/default/production/ece118_base/LeftSubHSM.o
 .debug_aranges
                0x0000000000000428       0x20 build/default/production/ece118_template/RightSubHSM.o
 .debug_aranges
                0x0000000000000448       0x20 c:/program files/microchip/xc32/v4.50/bin/bin/../../lib/gcc/pic32mx/8.3.1\libgcc.a(floatunsisf.o)
 .debug_aranges
                0x0000000000000468       0x20 c:/program files/microchip/xc32/v4.50/bin/bin/../../lib/gcc/pic32mx/8.3.1/../../../../pic32mx/lib\libpic32.a(default-bootstrap-exception-handler.o)
 .debug_aranges
                0x0000000000000488       0x20 c:/program files/microchip/xc32/v4.50/bin/bin/../../lib/gcc/pic32mx/8.3.1/../../../../pic32mx/lib\libpic32.a(default-on-reset.o)
 .debug_aranges
                0x00000000000004a8       0x20 c:/program files/microchip/xc32/v4.50/bin/bin/../../lib/gcc/pic32mx/8.3.1/../../../../pic32mx/lib\libpic32.a(default-on-bootstrap.o)
 .debug_aranges
                0x00000000000004c8       0x20 c:/program files/microchip/xc32/v4.50/bin/bin/../../lib/gcc/pic32mx/8.3.1/../../../../pic32mx/lib\libpic32.a(default-general-exception-handler.o)
 .debug_aranges
                0x00000000000004e8       0x20 c:/program files/microchip/xc32/v4.50/bin/bin/../../lib/gcc/pic32mx/8.3.1/../../../../pic32mx/lib\libpic32.a(defaultinterrupt.o)
 .debug_aranges
                0x0000000000000508       0x28 c:/program files/microchip/xc32/v4.50/bin/bin/../../lib/gcc/pic32mx/8.3.1/../../../../pic32mx/lib\libc-musl.a(__sio_printf_cdnpsuxX.o)
 .debug_aranges
                0x0000000000000530       0x20 c:/program files/microchip/xc32/v4.50/bin/bin/../../lib/gcc/pic32mx/8.3.1/../../../../pic32mx/lib\libc-musl.a(__fmt_d.o)
 .debug_aranges
                0x0000000000000550       0x20 c:/program files/microchip/xc32/v4.50/bin/bin/../../lib/gcc/pic32mx/8.3.1/../../../../pic32mx/lib\libc-musl.a(__fmt_s.o)
 .debug_aranges
                0x0000000000000570       0x20 c:/program files/microchip/xc32/v4.50/bin/bin/../../lib/gcc/pic32mx/8.3.1/../../../../pic32mx/lib\libc-musl.a(__fmt_u.o)
 .debug_aranges
                0x0000000000000590       0x20 c:/program files/microchip/xc32/v4.50/bin/bin/../../lib/gcc/pic32mx/8.3.1/../../../../pic32mx/lib\libc-musl.a(__fmt_x.o)
 .debug_aranges
                0x00000000000005b0       0x20 c:/program files/microchip/xc32/v4.50/bin/bin/../../lib/gcc/pic32mx/8.3.1/../../../../pic32mx/lib\libc-musl.a(__pop_int.o)
 .debug_aranges
                0x00000000000005d0       0x20 c:/program files/microchip/xc32/v4.50/bin/bin/../../lib/gcc/pic32mx/8.3.1/../../../../pic32mx/lib\libc-musl.a(__pop_ptr.o)
 .debug_aranges
                0x00000000000005f0       0x50 c:/program files/microchip/xc32/v4.50/bin/bin/../../lib/gcc/pic32mx/8.3.1/../../../../pic32mx/lib\libc-musl.a(__printf_core.o)
 .debug_aranges
                0x0000000000000640       0x30 c:/program files/microchip/xc32/v4.50/bin/bin/../../lib/gcc/pic32mx/8.3.1/../../../../pic32mx/lib\libc-musl.a(stdout.o)
 .debug_aranges
                0x0000000000000670       0x20 c:/program files/microchip/xc32/v4.50/bin/bin/../../lib/gcc/pic32mx/8.3.1/../../../../pic32mx/lib\libc-musl.a(puts.o)
 .debug_aranges
                0x0000000000000690       0x20 c:/program files/microchip/xc32/v4.50/bin/bin/../../lib/gcc/pic32mx/8.3.1/../../../../pic32mx/lib\libc-musl.a(atoi.o)
 .debug_aranges
                0x00000000000006b0       0x28 c:/program files/microchip/xc32/v4.50/bin/bin/../../lib/gcc/pic32mx/8.3.1/../../../../pic32mx/lib\libc-musl.a(tolower.o)
 .debug_aranges
                0x00000000000006d8       0x28 c:/program files/microchip/xc32/v4.50/bin/bin/../../lib/gcc/pic32mx/8.3.1/../../../../pic32mx/lib\libc-musl.a(toupper.o)
 .debug_aranges
                0x0000000000000700       0x20 c:/program files/microchip/xc32/v4.50/bin/bin/../../lib/gcc/pic32mx/8.3.1/../../../../pic32mx/lib\libc-musl.a(__int_vfprintf.o)
 .debug_aranges
                0x0000000000000720       0x20 c:/program files/microchip/xc32/v4.50/bin/bin/../../lib/gcc/pic32mx/8.3.1/../../../../pic32mx/lib\libc-musl.a(fputs.o)
 .debug_aranges
                0x0000000000000740       0x20 c:/program files/microchip/xc32/v4.50/bin/bin/../../lib/gcc/pic32mx/8.3.1/../../../../pic32mx/lib\libc-musl.a(__cvt_u.o)
 .debug_aranges
                0x0000000000000760       0x28 c:/program files/microchip/xc32/v4.50/bin/bin/../../lib/gcc/pic32mx/8.3.1/../../../../pic32mx/lib\libc-musl.a(__io_init_needed.o)
 .debug_aranges
                0x0000000000000788       0x28 c:/program files/microchip/xc32/v4.50/bin/bin/../../lib/gcc/pic32mx/8.3.1/../../../../pic32mx/lib\libc-musl.a(__out.o)
 .debug_aranges
                0x00000000000007b0       0x20 c:/program files/microchip/xc32/v4.50/bin/bin/../../lib/gcc/pic32mx/8.3.1/../../../../pic32mx/lib\libc-musl.a(__pop_float.o)
 .debug_aranges
                0x00000000000007d0       0x28 c:/program files/microchip/xc32/v4.50/bin/bin/../../lib/gcc/pic32mx/8.3.1/../../../../pic32mx/lib\libc-musl.a(__stdio_close.o)
 .debug_aranges
                0x00000000000007f8       0x28 c:/program files/microchip/xc32/v4.50/bin/bin/../../lib/gcc/pic32mx/8.3.1/../../../../pic32mx/lib\libc-musl.a(fwrite.o)
 .debug_aranges
                0x0000000000000820       0x30 c:/program files/microchip/xc32/v4.50/bin/bin/../../lib/gcc/pic32mx/8.3.1/../../../../pic32mx/lib\libc-musl.a(putc.o)
 .debug_aranges
                0x0000000000000850       0x28 c:/program files/microchip/xc32/v4.50/bin/bin/../../lib/gcc/pic32mx/8.3.1/../../../../pic32mx/lib\libc-musl.a(__init_stdio.o)
 .debug_aranges
                0x0000000000000878       0x20 c:/program files/microchip/xc32/v4.50/bin/bin/../../lib/gcc/pic32mx/8.3.1/../../../../pic32mx/lib\libc-musl.a(__io_file_needed.o)
 .debug_aranges
                0x0000000000000898       0x20 c:/program files/microchip/xc32/v4.50/bin/bin/../../lib/gcc/pic32mx/8.3.1/../../../../pic32mx/lib\libpic32.a(write.o)
 .debug_aranges
                0x00000000000008b8       0x20 c:/program files/microchip/xc32/v4.50/bin/bin/../../lib/gcc/pic32mx/8.3.1/../../../../pic32mx/lib\libpic32.a(lseek.o)
 .debug_aranges
                0x00000000000008d8       0x20 c:/program files/microchip/xc32/v4.50/bin/bin/../../lib/gcc/pic32mx/8.3.1/../../../../pic32mx/lib\libpic32.a(close.o)
 .debug_aranges
                0x00000000000008f8       0x20 c:/program files/microchip/xc32/v4.50/bin/bin/../../lib/gcc/pic32mx/8.3.1/../../../../pic32mx/lib\libc-size-musl.a(memcpy.o)
 .debug_aranges
                0x0000000000000918       0x20 c:/program files/microchip/xc32/v4.50/bin/bin/../../lib/gcc/pic32mx/8.3.1/../../../../pic32mx/lib\libc-size-musl.a(memset.o)
 .debug_aranges
                0x0000000000000938       0x20 c:/program files/microchip/xc32/v4.50/bin/bin/../../lib/gcc/pic32mx/8.3.1/../../../../pic32mx/lib\libc-size-musl.a(strlen.o)
 .debug_aranges
                0x0000000000000958       0x20 c:/program files/microchip/xc32/v4.50/bin/bin/../../lib/gcc/pic32mx/8.3.1\libgcc.a(_udivdi3.o)
 .debug_aranges
                0x0000000000000978       0x20 c:/program files/microchip/xc32/v4.50/bin/bin/../../lib/gcc/pic32mx/8.3.1\libgcc.a(_umoddi3.o)

.debug_pubnames
 *.elf(.debug_pubnames)
 *(.debug_pubnames)

.debug_info     0x0000000000000000     0xff26
 *.elf(.debug_info .gnu.linkonce.wi.*)
 *(.debug_info .gnu.linkonce.wi.*)
 .debug_info    0x0000000000000000      0xca0 build/default/production/ece118_base/AD.o
 .debug_info    0x0000000000000ca0      0x189 build/default/production/ece118_base/BOARD.o
 .debug_info    0x0000000000000e29      0x11c build/default/production/ece118_base/ES_CheckEvents.o
 .debug_info    0x0000000000000f45      0x4c4 build/default/production/ece118_base/ES_Framework.o
 .debug_info    0x0000000000001409      0x2ad build/default/production/ece118_base/ES_KeyboardInput.o
 .debug_info    0x00000000000016b6       0xd1 build/default/production/ece118_base/ES_LookupTables.o
 .debug_info    0x0000000000001787       0x91 build/default/production/ece118_base/ES_PostList.o
 .debug_info    0x0000000000001818      0x34e build/default/production/ece118_base/ES_Queue.o
 .debug_info    0x0000000000001b66       0x9f build/default/production/ece118_base/ES_TattleTale.o
 .debug_info    0x0000000000001c05      0x354 build/default/production/ece118_base/ES_TimerService.o
 .debug_info    0x0000000000001f59      0xb89 build/default/production/ece118_base/ES_Timers.o
 .debug_info    0x0000000000002ae2      0xcac build/default/production/ece118_base/IO_Ports.o
 .debug_info    0x000000000000378e      0xa36 build/default/production/ece118_base/LED.o
 .debug_info    0x00000000000041c4      0xc9c build/default/production/ece118_base/RC_Servo.o
 .debug_info    0x0000000000004e60      0x55a build/default/production/ece118_base/pwm.o
 .debug_info    0x00000000000053ba      0xcd5 build/default/production/ece118_base/serial.o
 .debug_info    0x000000000000608f      0x9d1 build/default/production/ece118_base/timers.o
 .debug_info    0x0000000000006a60      0x29e build/default/production/ece118_template/PingEventChecker.o
 .debug_info    0x0000000000006cfe      0xe55 build/default/production/PingSensor.o
 .debug_info    0x0000000000007b53      0x913 build/default/production/ece118_base/ColorSensor.o
 .debug_info    0x0000000000008466      0x2d7 build/default/production/ece118_base/ColorEventChecker.o
 .debug_info    0x000000000000873d      0x28c build/default/production/ece118_base/PingService.o
 .debug_info    0x00000000000089c9      0x285 build/default/production/ece118_base/ColorService.o
 .debug_info    0x0000000000008c4e      0x2c5 build/default/production/ece118_base/IRSensor.o
 .debug_info    0x0000000000008f13      0x253 build/default/production/ece118_base/IREventChecker.o
 .debug_info    0x0000000000009166      0x27d build/default/production/ece118_base/IRService.o
 .debug_info    0x00000000000093e3      0x457 build/default/production/ece118_base/Actuators.o
 .debug_info    0x000000000000983a      0x35c build/default/production/ece118_base/SortSubHSM.o
 .debug_info    0x0000000000009b96      0x10b build/default/production/ece118_template/TemplateES_Main.o
 .debug_info    0x0000000000009ca1      0x31f build/default/production/ece118_base/RedFlowSubHSM.o
 .debug_info    0x0000000000009fc0      0x30c build/default/production/ece118_base/BlueFlowSubHSM.o
 .debug_info    0x000000000000a2cc      0x33e build/default/production/ece118_base/CenterSubHSM.o
 .debug_info    0x000000000000a60a      0x3a0 build/default/production/ece118_template/TemplateHSM.o
 .debug_info    0x000000000000a9aa      0x3a4 build/default/production/ece118_base/LeftSubHSM.o
 .debug_info    0x000000000000ad4e      0x392 build/default/production/ece118_template/RightSubHSM.o
 .debug_info    0x000000000000b0e0       0x9d c:/program files/microchip/xc32/v4.50/bin/bin/../../lib/gcc/pic32mx/8.3.1\libgcc.a(floatunsisf.o)
 .debug_info    0x000000000000b17d       0x41 c:/program files/microchip/xc32/v4.50/bin/bin/../../lib/gcc/pic32mx/8.3.1/../../../../pic32mx/lib\libpic32.a(default-bootstrap-exception-handler.o)
 .debug_info    0x000000000000b1be       0x3f c:/program files/microchip/xc32/v4.50/bin/bin/../../lib/gcc/pic32mx/8.3.1/../../../../pic32mx/lib\libpic32.a(default-on-reset.o)
 .debug_info    0x000000000000b1fd       0x3f c:/program files/microchip/xc32/v4.50/bin/bin/../../lib/gcc/pic32mx/8.3.1/../../../../pic32mx/lib\libpic32.a(default-on-bootstrap.o)
 .debug_info    0x000000000000b23c       0x41 c:/program files/microchip/xc32/v4.50/bin/bin/../../lib/gcc/pic32mx/8.3.1/../../../../pic32mx/lib\libpic32.a(default-general-exception-handler.o)
 .debug_info    0x000000000000b27d       0x40 c:/program files/microchip/xc32/v4.50/bin/bin/../../lib/gcc/pic32mx/8.3.1/../../../../pic32mx/lib\libpic32.a(defaultinterrupt.o)
 .debug_info    0x000000000000b2bd      0x1e3 c:/program files/microchip/xc32/v4.50/bin/bin/../../lib/gcc/pic32mx/8.3.1/../../../../pic32mx/lib\libc-musl.a(__sio_printf_cdnpsuxX.o)
 .debug_info    0x000000000000b4a0      0x327 c:/program files/microchip/xc32/v4.50/bin/bin/../../lib/gcc/pic32mx/8.3.1/../../../../pic32mx/lib\libc-musl.a(__fmt_d.o)
 .debug_info    0x000000000000b7c7      0x2a9 c:/program files/microchip/xc32/v4.50/bin/bin/../../lib/gcc/pic32mx/8.3.1/../../../../pic32mx/lib\libc-musl.a(__fmt_s.o)
 .debug_info    0x000000000000ba70      0x2f8 c:/program files/microchip/xc32/v4.50/bin/bin/../../lib/gcc/pic32mx/8.3.1/../../../../pic32mx/lib\libc-musl.a(__fmt_u.o)
 .debug_info    0x000000000000bd68      0x328 c:/program files/microchip/xc32/v4.50/bin/bin/../../lib/gcc/pic32mx/8.3.1/../../../../pic32mx/lib\libc-musl.a(__fmt_x.o)
 .debug_info    0x000000000000c090      0x14e c:/program files/microchip/xc32/v4.50/bin/bin/../../lib/gcc/pic32mx/8.3.1/../../../../pic32mx/lib\libc-musl.a(__pop_int.o)
 .debug_info    0x000000000000c1de      0x15e c:/program files/microchip/xc32/v4.50/bin/bin/../../lib/gcc/pic32mx/8.3.1/../../../../pic32mx/lib\libc-musl.a(__pop_ptr.o)
 .debug_info    0x000000000000c33c      0xa27 c:/program files/microchip/xc32/v4.50/bin/bin/../../lib/gcc/pic32mx/8.3.1/../../../../pic32mx/lib\libc-musl.a(__printf_core.o)
 .debug_info    0x000000000000cd63      0x40c c:/program files/microchip/xc32/v4.50/bin/bin/../../lib/gcc/pic32mx/8.3.1/../../../../pic32mx/lib\libc-musl.a(stdout.o)
 .debug_info    0x000000000000d16f      0x3a3 c:/program files/microchip/xc32/v4.50/bin/bin/../../lib/gcc/pic32mx/8.3.1/../../../../pic32mx/lib\libc-musl.a(puts.o)
 .debug_info    0x000000000000d512       0xee c:/program files/microchip/xc32/v4.50/bin/bin/../../lib/gcc/pic32mx/8.3.1/../../../../pic32mx/lib\libc-musl.a(atoi.o)
 .debug_info    0x000000000000d600      0x11b c:/program files/microchip/xc32/v4.50/bin/bin/../../lib/gcc/pic32mx/8.3.1/../../../../pic32mx/lib\libc-musl.a(tolower.o)
 .debug_info    0x000000000000d71b      0x11b c:/program files/microchip/xc32/v4.50/bin/bin/../../lib/gcc/pic32mx/8.3.1/../../../../pic32mx/lib\libc-musl.a(toupper.o)
 .debug_info    0x000000000000d836      0x1e0 c:/program files/microchip/xc32/v4.50/bin/bin/../../lib/gcc/pic32mx/8.3.1/../../../../pic32mx/lib\libc-musl.a(__int_vfprintf.o)
 .debug_info    0x000000000000da16      0x3ad c:/program files/microchip/xc32/v4.50/bin/bin/../../lib/gcc/pic32mx/8.3.1/../../../../pic32mx/lib\libc-musl.a(fputs.o)
 .debug_info    0x000000000000ddc3      0x1d0 c:/program files/microchip/xc32/v4.50/bin/bin/../../lib/gcc/pic32mx/8.3.1/../../../../pic32mx/lib\libc-musl.a(__cvt_u.o)
 .debug_info    0x000000000000df93       0xdf c:/program files/microchip/xc32/v4.50/bin/bin/../../lib/gcc/pic32mx/8.3.1/../../../../pic32mx/lib\libc-musl.a(__io_init_needed.o)
 .debug_info    0x000000000000e072      0x29f c:/program files/microchip/xc32/v4.50/bin/bin/../../lib/gcc/pic32mx/8.3.1/../../../../pic32mx/lib\libc-musl.a(__out.o)
 .debug_info    0x000000000000e311      0x134 c:/program files/microchip/xc32/v4.50/bin/bin/../../lib/gcc/pic32mx/8.3.1/../../../../pic32mx/lib\libc-musl.a(__pop_float.o)
 .debug_info    0x000000000000e445      0x3f6 c:/program files/microchip/xc32/v4.50/bin/bin/../../lib/gcc/pic32mx/8.3.1/../../../../pic32mx/lib\libc-musl.a(__stdio_close.o)
 .debug_info    0x000000000000e83b      0x24c c:/program files/microchip/xc32/v4.50/bin/bin/../../lib/gcc/pic32mx/8.3.1/../../../../pic32mx/lib\libc-musl.a(fwrite.o)
 .debug_info    0x000000000000ea87      0x217 c:/program files/microchip/xc32/v4.50/bin/bin/../../lib/gcc/pic32mx/8.3.1/../../../../pic32mx/lib\libc-musl.a(putc.o)
 .debug_info    0x000000000000ec9e       0xb9 c:/program files/microchip/xc32/v4.50/bin/bin/../../lib/gcc/pic32mx/8.3.1/../../../../pic32mx/lib\libc-musl.a(__init_stdio.o)
 .debug_info    0x000000000000ed57       0xaf c:/program files/microchip/xc32/v4.50/bin/bin/../../lib/gcc/pic32mx/8.3.1/../../../../pic32mx/lib\libc-musl.a(__io_file_needed.o)
 .debug_info    0x000000000000ee06       0x40 c:/program files/microchip/xc32/v4.50/bin/bin/../../lib/gcc/pic32mx/8.3.1/../../../../pic32mx/lib\libpic32.a(write.o)
 .debug_info    0x000000000000ee46       0x3f c:/program files/microchip/xc32/v4.50/bin/bin/../../lib/gcc/pic32mx/8.3.1/../../../../pic32mx/lib\libpic32.a(lseek.o)
 .debug_info    0x000000000000ee85       0x3f c:/program files/microchip/xc32/v4.50/bin/bin/../../lib/gcc/pic32mx/8.3.1/../../../../pic32mx/lib\libpic32.a(close.o)
 .debug_info    0x000000000000eec4       0xf7 c:/program files/microchip/xc32/v4.50/bin/bin/../../lib/gcc/pic32mx/8.3.1/../../../../pic32mx/lib\libc-size-musl.a(memcpy.o)
 .debug_info    0x000000000000efbb       0xc0 c:/program files/microchip/xc32/v4.50/bin/bin/../../lib/gcc/pic32mx/8.3.1/../../../../pic32mx/lib\libc-size-musl.a(memset.o)
 .debug_info    0x000000000000f07b       0xa3 c:/program files/microchip/xc32/v4.50/bin/bin/../../lib/gcc/pic32mx/8.3.1/../../../../pic32mx/lib\libc-size-musl.a(strlen.o)
 .debug_info    0x000000000000f11e      0x6ca c:/program files/microchip/xc32/v4.50/bin/bin/../../lib/gcc/pic32mx/8.3.1\libgcc.a(_udivdi3.o)
 .debug_info    0x000000000000f7e8      0x73e c:/program files/microchip/xc32/v4.50/bin/bin/../../lib/gcc/pic32mx/8.3.1\libgcc.a(_umoddi3.o)

.debug_abbrev   0x0000000000000000     0x4d29
 *.elf(.debug_abbrev)
 *(.debug_abbrev)
 .debug_abbrev  0x0000000000000000      0x1d3 build/default/production/ece118_base/AD.o
 .debug_abbrev  0x00000000000001d3       0xbf build/default/production/ece118_base/BOARD.o
 .debug_abbrev  0x0000000000000292       0xa2 build/default/production/ece118_base/ES_CheckEvents.o
 .debug_abbrev  0x0000000000000334      0x1a1 build/default/production/ece118_base/ES_Framework.o
 .debug_abbrev  0x00000000000004d5      0x13c build/default/production/ece118_base/ES_KeyboardInput.o
 .debug_abbrev  0x0000000000000611       0x61 build/default/production/ece118_base/ES_LookupTables.o
 .debug_abbrev  0x0000000000000672       0x59 build/default/production/ece118_base/ES_PostList.o
 .debug_abbrev  0x00000000000006cb      0x113 build/default/production/ece118_base/ES_Queue.o
 .debug_abbrev  0x00000000000007de       0x59 build/default/production/ece118_base/ES_TattleTale.o
 .debug_abbrev  0x0000000000000837      0x133 build/default/production/ece118_base/ES_TimerService.o
 .debug_abbrev  0x000000000000096a      0x256 build/default/production/ece118_base/ES_Timers.o
 .debug_abbrev  0x0000000000000bc0      0x1fc build/default/production/ece118_base/IO_Ports.o
 .debug_abbrev  0x0000000000000dbc      0x21a build/default/production/ece118_base/LED.o
 .debug_abbrev  0x0000000000000fd6      0x241 build/default/production/ece118_base/RC_Servo.o
 .debug_abbrev  0x0000000000001217      0x1c5 build/default/production/ece118_base/pwm.o
 .debug_abbrev  0x00000000000013dc      0x1f5 build/default/production/ece118_base/serial.o
 .debug_abbrev  0x00000000000015d1      0x193 build/default/production/ece118_base/timers.o
 .debug_abbrev  0x0000000000001764       0xd5 build/default/production/ece118_template/PingEventChecker.o
 .debug_abbrev  0x0000000000001839      0x190 build/default/production/PingSensor.o
 .debug_abbrev  0x00000000000019c9      0x15d build/default/production/ece118_base/ColorSensor.o
 .debug_abbrev  0x0000000000001b26      0x101 build/default/production/ece118_base/ColorEventChecker.o
 .debug_abbrev  0x0000000000001c27      0x104 build/default/production/ece118_base/PingService.o
 .debug_abbrev  0x0000000000001d2b      0x104 build/default/production/ece118_base/ColorService.o
 .debug_abbrev  0x0000000000001e2f       0xee build/default/production/ece118_base/IRSensor.o
 .debug_abbrev  0x0000000000001f1d       0xd5 build/default/production/ece118_base/IREventChecker.o
 .debug_abbrev  0x0000000000001ff2      0x104 build/default/production/ece118_base/IRService.o
 .debug_abbrev  0x00000000000020f6      0x162 build/default/production/ece118_base/Actuators.o
 .debug_abbrev  0x0000000000002258      0x118 build/default/production/ece118_base/SortSubHSM.o
 .debug_abbrev  0x0000000000002370       0xa2 build/default/production/ece118_template/TemplateES_Main.o
 .debug_abbrev  0x0000000000002412      0x10d build/default/production/ece118_base/RedFlowSubHSM.o
 .debug_abbrev  0x000000000000251f      0x104 build/default/production/ece118_base/BlueFlowSubHSM.o
 .debug_abbrev  0x0000000000002623      0x120 build/default/production/ece118_base/CenterSubHSM.o
 .debug_abbrev  0x0000000000002743      0x14a build/default/production/ece118_template/TemplateHSM.o
 .debug_abbrev  0x000000000000288d      0x120 build/default/production/ece118_base/LeftSubHSM.o
 .debug_abbrev  0x00000000000029ad      0x120 build/default/production/ece118_template/RightSubHSM.o
 .debug_abbrev  0x0000000000002acd       0x7d c:/program files/microchip/xc32/v4.50/bin/bin/../../lib/gcc/pic32mx/8.3.1\libgcc.a(floatunsisf.o)
 .debug_abbrev  0x0000000000002b4a       0x31 c:/program files/microchip/xc32/v4.50/bin/bin/../../lib/gcc/pic32mx/8.3.1/../../../../pic32mx/lib\libpic32.a(default-bootstrap-exception-handler.o)
 .debug_abbrev  0x0000000000002b7b       0x2e c:/program files/microchip/xc32/v4.50/bin/bin/../../lib/gcc/pic32mx/8.3.1/../../../../pic32mx/lib\libpic32.a(default-on-reset.o)
 .debug_abbrev  0x0000000000002ba9       0x2e c:/program files/microchip/xc32/v4.50/bin/bin/../../lib/gcc/pic32mx/8.3.1/../../../../pic32mx/lib\libpic32.a(default-on-bootstrap.o)
 .debug_abbrev  0x0000000000002bd7       0x31 c:/program files/microchip/xc32/v4.50/bin/bin/../../lib/gcc/pic32mx/8.3.1/../../../../pic32mx/lib\libpic32.a(default-general-exception-handler.o)
 .debug_abbrev  0x0000000000002c08       0x31 c:/program files/microchip/xc32/v4.50/bin/bin/../../lib/gcc/pic32mx/8.3.1/../../../../pic32mx/lib\libpic32.a(defaultinterrupt.o)
 .debug_abbrev  0x0000000000002c39      0x12b c:/program files/microchip/xc32/v4.50/bin/bin/../../lib/gcc/pic32mx/8.3.1/../../../../pic32mx/lib\libc-musl.a(__sio_printf_cdnpsuxX.o)
 .debug_abbrev  0x0000000000002d64      0x161 c:/program files/microchip/xc32/v4.50/bin/bin/../../lib/gcc/pic32mx/8.3.1/../../../../pic32mx/lib\libc-musl.a(__fmt_d.o)
 .debug_abbrev  0x0000000000002ec5      0x14c c:/program files/microchip/xc32/v4.50/bin/bin/../../lib/gcc/pic32mx/8.3.1/../../../../pic32mx/lib\libc-musl.a(__fmt_s.o)
 .debug_abbrev  0x0000000000003011      0x161 c:/program files/microchip/xc32/v4.50/bin/bin/../../lib/gcc/pic32mx/8.3.1/../../../../pic32mx/lib\libc-musl.a(__fmt_u.o)
 .debug_abbrev  0x0000000000003172      0x150 c:/program files/microchip/xc32/v4.50/bin/bin/../../lib/gcc/pic32mx/8.3.1/../../../../pic32mx/lib\libc-musl.a(__fmt_x.o)
 .debug_abbrev  0x00000000000032c2       0xc3 c:/program files/microchip/xc32/v4.50/bin/bin/../../lib/gcc/pic32mx/8.3.1/../../../../pic32mx/lib\libc-musl.a(__pop_int.o)
 .debug_abbrev  0x0000000000003385       0xd7 c:/program files/microchip/xc32/v4.50/bin/bin/../../lib/gcc/pic32mx/8.3.1/../../../../pic32mx/lib\libc-musl.a(__pop_ptr.o)
 .debug_abbrev  0x000000000000345c      0x318 c:/program files/microchip/xc32/v4.50/bin/bin/../../lib/gcc/pic32mx/8.3.1/../../../../pic32mx/lib\libc-musl.a(__printf_core.o)
 .debug_abbrev  0x0000000000003774      0x1bd c:/program files/microchip/xc32/v4.50/bin/bin/../../lib/gcc/pic32mx/8.3.1/../../../../pic32mx/lib\libc-musl.a(stdout.o)
 .debug_abbrev  0x0000000000003931      0x159 c:/program files/microchip/xc32/v4.50/bin/bin/../../lib/gcc/pic32mx/8.3.1/../../../../pic32mx/lib\libc-musl.a(puts.o)
 .debug_abbrev  0x0000000000003a8a       0xc4 c:/program files/microchip/xc32/v4.50/bin/bin/../../lib/gcc/pic32mx/8.3.1/../../../../pic32mx/lib\libc-musl.a(atoi.o)
 .debug_abbrev  0x0000000000003b4e       0xf1 c:/program files/microchip/xc32/v4.50/bin/bin/../../lib/gcc/pic32mx/8.3.1/../../../../pic32mx/lib\libc-musl.a(tolower.o)
 .debug_abbrev  0x0000000000003c3f       0xf1 c:/program files/microchip/xc32/v4.50/bin/bin/../../lib/gcc/pic32mx/8.3.1/../../../../pic32mx/lib\libc-musl.a(toupper.o)
 .debug_abbrev  0x0000000000003d30      0x118 c:/program files/microchip/xc32/v4.50/bin/bin/../../lib/gcc/pic32mx/8.3.1/../../../../pic32mx/lib\libc-musl.a(__int_vfprintf.o)
 .debug_abbrev  0x0000000000003e48      0x146 c:/program files/microchip/xc32/v4.50/bin/bin/../../lib/gcc/pic32mx/8.3.1/../../../../pic32mx/lib\libc-musl.a(fputs.o)
 .debug_abbrev  0x0000000000003f8e       0xe5 c:/program files/microchip/xc32/v4.50/bin/bin/../../lib/gcc/pic32mx/8.3.1/../../../../pic32mx/lib\libc-musl.a(__cvt_u.o)
 .debug_abbrev  0x0000000000004073       0x81 c:/program files/microchip/xc32/v4.50/bin/bin/../../lib/gcc/pic32mx/8.3.1/../../../../pic32mx/lib\libc-musl.a(__io_init_needed.o)
 .debug_abbrev  0x00000000000040f4      0x17a c:/program files/microchip/xc32/v4.50/bin/bin/../../lib/gcc/pic32mx/8.3.1/../../../../pic32mx/lib\libc-musl.a(__out.o)
 .debug_abbrev  0x000000000000426e       0xc3 c:/program files/microchip/xc32/v4.50/bin/bin/../../lib/gcc/pic32mx/8.3.1/../../../../pic32mx/lib\libc-musl.a(__pop_float.o)
 .debug_abbrev  0x0000000000004331      0x15a c:/program files/microchip/xc32/v4.50/bin/bin/../../lib/gcc/pic32mx/8.3.1/../../../../pic32mx/lib\libc-musl.a(__stdio_close.o)
 .debug_abbrev  0x000000000000448b      0x13c c:/program files/microchip/xc32/v4.50/bin/bin/../../lib/gcc/pic32mx/8.3.1/../../../../pic32mx/lib\libc-musl.a(fwrite.o)
 .debug_abbrev  0x00000000000045c7      0x122 c:/program files/microchip/xc32/v4.50/bin/bin/../../lib/gcc/pic32mx/8.3.1/../../../../pic32mx/lib\libc-musl.a(putc.o)
 .debug_abbrev  0x00000000000046e9       0x65 c:/program files/microchip/xc32/v4.50/bin/bin/../../lib/gcc/pic32mx/8.3.1/../../../../pic32mx/lib\libc-musl.a(__init_stdio.o)
 .debug_abbrev  0x000000000000474e       0x67 c:/program files/microchip/xc32/v4.50/bin/bin/../../lib/gcc/pic32mx/8.3.1/../../../../pic32mx/lib\libc-musl.a(__io_file_needed.o)
 .debug_abbrev  0x00000000000047b5       0x2e c:/program files/microchip/xc32/v4.50/bin/bin/../../lib/gcc/pic32mx/8.3.1/../../../../pic32mx/lib\libpic32.a(write.o)
 .debug_abbrev  0x00000000000047e3       0x2e c:/program files/microchip/xc32/v4.50/bin/bin/../../lib/gcc/pic32mx/8.3.1/../../../../pic32mx/lib\libpic32.a(lseek.o)
 .debug_abbrev  0x0000000000004811       0x2e c:/program files/microchip/xc32/v4.50/bin/bin/../../lib/gcc/pic32mx/8.3.1/../../../../pic32mx/lib\libpic32.a(close.o)
 .debug_abbrev  0x000000000000483f       0xaa c:/program files/microchip/xc32/v4.50/bin/bin/../../lib/gcc/pic32mx/8.3.1/../../../../pic32mx/lib\libc-size-musl.a(memcpy.o)
 .debug_abbrev  0x00000000000048e9       0x91 c:/program files/microchip/xc32/v4.50/bin/bin/../../lib/gcc/pic32mx/8.3.1/../../../../pic32mx/lib\libc-size-musl.a(memset.o)
 .debug_abbrev  0x000000000000497a       0x91 c:/program files/microchip/xc32/v4.50/bin/bin/../../lib/gcc/pic32mx/8.3.1/../../../../pic32mx/lib\libc-size-musl.a(strlen.o)
 .debug_abbrev  0x0000000000004a0b      0x184 c:/program files/microchip/xc32/v4.50/bin/bin/../../lib/gcc/pic32mx/8.3.1\libgcc.a(_udivdi3.o)
 .debug_abbrev  0x0000000000004b8f      0x19a c:/program files/microchip/xc32/v4.50/bin/bin/../../lib/gcc/pic32mx/8.3.1\libgcc.a(_umoddi3.o)

.debug_line     0x0000000000000000     0x97a8
 *.elf(.debug_line)
 *(.debug_line)
 .debug_line    0x0000000000000000      0x3e6 build/default/production/ece118_base/AD.o
 .debug_line    0x00000000000003e6      0x18b build/default/production/ece118_base/BOARD.o
 .debug_line    0x0000000000000571      0x16c build/default/production/ece118_base/ES_CheckEvents.o
 .debug_line    0x00000000000006dd      0x24b build/default/production/ece118_base/ES_Framework.o
 .debug_line    0x0000000000000928      0x178 build/default/production/ece118_base/ES_KeyboardInput.o
 .debug_line    0x0000000000000aa0       0xdc build/default/production/ece118_base/ES_LookupTables.o
 .debug_line    0x0000000000000b7c       0x79 build/default/production/ece118_base/ES_PostList.o
 .debug_line    0x0000000000000bf5      0x1e6 build/default/production/ece118_base/ES_Queue.o